/9j/4AAQSkZJRgABAQEASABIAAD/2wBDAAMCAgMCAgMDAwMEAwMEBQgFBQQEBQoHBwYIDAoMDAsK
CwsNDhIQDQ4RDgsLEBYQERMUFRUVDA8XGBYUGBIUFRT/2wBDAQMEBAUEBQkFBQkUDQsNFBQUFBQU
FBQUFBQUFBQUFBQUFBQUFBQUFBQUFBQUFBQUFBQUFBQUFBQUFBQUFBQUFBT/wAARCAFyAcIDAREA
AhEBAxEB/8QAHgABAAEFAQEBAQAAAAAAAAAAAAcBBQYICQQCAwr/xABYEAABAwMCBAQDBQMHBggL
CQABAgMEAAURBgcIEiExE0FRYRQicQkVMoGRI0KhFjNSYnKxwRckU3OC0ThDdZKisrPwGCUmNkRU
Y6O0wvEnN2V0g4STlOH/xAAdAQEAAQUBAQEAAAAAAAAAAAAAAwECBAUGBwgJ/8QAPREAAgEDAgQD
BQYFBAEFAQAAAAECAwQRITEFEkFRBhNhInGBkaEUMrHB0fAHI0JS4RVicvEzNDWCkqKy/9oADAMB
AAIRAxEAPwDqnQCgFAKAUAoBQCgKUBj+sdf6a0DAXN1Jf7dYoqE8xcnyUNDHqMnr+VAauay+072t
t8xy26Kg33cq5pUWwiwQlFgq/wBcvCSPcZqqTexRtIi+7cY/EbrxXPp3R+ldureoEpVfHnJ8ojJx
lKOUIV7EH6+dSqlJljqIw65zN9tZpH8pd9LvHaPVUTTsFmClPsl1IC/1qRUe7LHULO/tNe50fwpu
8O6EpKuqkr1Q9yE/2SCKu8qJTzGWSVw1wpzxdka/18+6rut2/KUT+ZRTyojzGem38PwtAAg7k7iw
wlXOPA1EtGFevRNPKiPMZ9XHZK+SXvGj7u7gh4dQqdelygD6kKxmnlpbMpz53L3E1pxFbdux/ufe
2NeWkJ5GoWp7c3yrAH4SpIKj9c1a6fqXKZJmkuPveHSqmY+vdpGtTx+oNx0ZMStavQ+As9B9VVE6
bRIpI2U254xts9w324Srs5pm9qxzWnUDRiPpUfIc3yq/ImrXForzJk2sPNyWkOtLS60oZStByCPU
EVYXH6ZoCtAKAUAoBQCgFAKAUAoBQCgFAKAUAoBQCgFAKAUAoBQCgFAKAUAoBQCgFAKAUAoBQCgF
AKAUAoBQFMigMP3R3c0dszppy/601BC0/bEZAdlOYU6rGeRtA+ZavZIJoDRncXj73E3rddtWxmnV
ae06v9mvWmo2eVah2UY7PXyPQ9e3lV8YSkWOSRDsPhttl8u5vu4V8uu4t/WedyRepClNBRHXlbzg
CslUktyFzbJYtFnt1iiiLAhsQIyE4DUVoIT07dqmWOhG3k9fr6VUCgKZwqgK0AoAaAx3V+h7frOO
2iWXGnms+G80fmTnv07GrWkyqeCNbvtPqKzL8W03B2a0k9EJdLbgH5nBqxxa2JFJPcskjV13tr5t
2pIDd0YR0+HubQKwP6q/L6irctbjCexdNCydSaZvi75tLuReNM3bnDp01d5CpNveAPMW+RZPyHt0
7VY4KWxcpOO5tttB9pRpSW0mx7wRVbb6xjnkfL7ajBkAHHitOeaTkdOvf2OIHFokTybfad1LadW2
mPdbHc4d4tkgczUyA+l5lwdui0kg1aXF0zQFaAUAoBQCgFAKAUAoBQCgFAKAUAoBQCgFAKAUAoBQ
CgFAKAUAoBQCgFAKAUAoBQCgFAKAUB8qOR0oDUbjD46Y2xt1G32hbb/K3dea2C3bwkli3pWkFDr5
HfoQoIBGRgkgEZqk3oijeDUGybP33X2oP5Y70XxzXeqV4U1Hkq5okId+VDYwgYPkBy9z1zmsqFJL
cglNvYmBlpDDaG20JbbSMJQkYAHoKn2Ij7yKqBQCgFAKACgGaAZqgKEgJKj0A7k+VAY3qHcKyacS
oSJiXXwOjDB51n/dVHJIqk2YtC17pvcLntt2iCKtSsMl4jr6EKH4Vf8AfrVuU9y/DWxguvNvpWjJ
YlxFOPW1RHhvg/M2fRRH8DVjjjYuTyfgNT2rWNtbseubVHv1sJ5UyHk/tmf6wV3z7gg0ynpIphrY
yXQ2qNbcGs0ai0Dc5GpttX1+NcbM6fGUwnzWn+mnHcjChgeWcxTp41RfGedGdNtit+NM7+aQj33T
8ttayhKn4ocClNEjoR6pPXB+oIBBAgJSScg0BWgFAKAUAoBQCgFAKAUAoBQCgFAKAUAoBQCgFAKA
UAoBQCgFAKAUAoBQCgFAKAUAoBQFFdqA1k4yOKtzZa3QNHaNbau+6GokKRboecpgtdlS3vRKfIHu
RVUnJ4RRvG5qNtltb/I1ybe73cXdS62uqi7dL9MUVuuqP7iCfwoHYAelZsIKKMaUm2Z8KkLCyXLU
wbmLt9tjm53JIyttCuVtn/WL/d+nU+3nVM9iuD32r7wDKjcjGLxWSkRQrlCfIHm7nvVUUPb51UCg
FAKAoCU9QBketUBGlx3rZtVxehSrLIaeZc5Fgup6de/arHLG5fy5LpuBqm5WzTEa7WJTLsZzBW4p
PMQlQ6ECqtvGUUS1wyErnq+93gky7lJcB6coWUjHpgVFlslwkWj3qhU81ykuw4Eh9hgyHW0FaWQc
FZHXAPrQEr7U7ixtRWxqx3hXjw5jYEdx30I/Ar/A+tXxlnRlko41Rgm4VhlaE1aqDIazaZOFQ5ac
9/NC/Q+hqySwVTyi6aK15L0i/wCGf85trhw9FX2I8yPQ1VPAayZHpq+SOGXWkTcjRMxTWiLi8E3S
G2CpFuUtQy6ED/iifxo/MdcVHUh/Ui6MujOrG1+40HczTTVzilCH0YRJYQsLDaykKHKofiQpKkqS
rzSoGoCUy8EGgK0AoBQCgFAKAUAoBQCgFAKAUAoBQCgFAKAUAoBQCgFAKAUAoBQCgFAKAUAoBQCg
FAR7v3vVYeH7aq+641C4RCtrWW2EEeJJePRtpAPdSlED+PYUBzd2ti37Xl+vG7WuB4mr9UqDrTKu
ot8L/imG+2By4J9e/cmsynDlWWY05Z0RJtTEZizs6Tq24PQre8uNaYy+SVNaOFPrHdps+QH7yh1H
YdckU3ZXYyGDbo1rjJjxGUMMp7JQMfn9aqUPSBVQKAZoBmgAOaAUBEG+tjSlMG6MsJSVKU0+4AMk
4HJn16A1DNdSSLPNtFqJq5xJWmLkQ5HeQosBXofxJ/xFIvoxJY1MA1TYV6av0y3L6+Cr5FY/Ek9Q
f0qx6MvTyi1ZGKZKlMYHaqgtVhUqFcLjDSeQMuiQyE/upX1/64XVqDJ1aTG3q0DJtE1wN3mMkFD3
mFj8Dg/MDP0qX76I/uvJDEX4lAdjzGvAnRXFR5DZ8nEEg/kcZHsRUXoSepkmmNSi0pkwJrXxllnt
lmZEX2UhXQkehxVyfctayT9wRb2vbYall6DvEtMhqxRg9FmrWf8AP7CpZKV481xFKz/qlODryCse
UcMli8nTRlaXEhaFBSFDIUDkEetWFx+lAKAUAoBQCgFAKAUAoBQCgFAKAUAoBQCgFAKAUAoBQCgF
AKAUAoBQCgFAKAUAoD5UsBJJOABkk+VAcluI3dmXxn8TydLwXvF2q0HJ8ZYSf2c6UMp5z65PME+i
Ao9zUtOPMyOcsIlMJCQAAAAMADyrNMYxrVNyky5jGnrY6WZ8tsuvSU94kfOC5/aJylPvk/u1RvoV
XcvlrtsazW9iFDaDMaOgIQgeQ+vmT3JPck1XYoevNAUz7UBXNVBQ9T/CqAxvResBrFV6dYYCIUG4
OQWXwvm8ct4C1Y8sKJH5Vankq1gyQGrihUZKgAMk9gKAx3cO2JuWj7sy4CFIZU6np1CkfMP7qteq
KrRmsVjviH0R7na5XMAoqafb8iDjIz7g1Cido8Our/PmrbmyLsqPLdcCfiX2fEQo4wErx2Hv9Ko2
wikC5rcdESY38PMAz/UdHqg+f07iiBcic1cC0XH/ADC7wpoGEPERXf8AaPyH8ldP9o1aDJrFe5Wn
rmzOhucjrRzjPRQ8wfY1VPGpRrOjK7hX2Lc9Rq1A1HECHJhhc7xFdUvNnHOB5gowM/1aN5eSkdFg
tTLyJDKHW1Bba0hSVDzB6g0LjI7vdJ9ksGmtybGkKvuhZXLKZQOsi3L6OIUPMcpV+XMaSWY5KJ4e
DqJwsbpQNc6LbgRZQkR4rLUi2uKXzLdt7gy1n3bPM0fPCEk9VVjNYJVqTeDmqFStAKAUAoBQCgFA
KAUAoBQCgFAKAUAoBQCgFAKAUAoBQCgFAKAUAoBQCgFAKAoe1Aaw/aG72u7N8Ol2j2pxZ1VqhQsd
pZZI8RTjvRakjucIJHTzUKA1j4euGTVO1+3MG2/ybuT1zkn4qe+mIvC3lYyM47JGEj6VmwcYLcxp
Zb2JYOzmsEoQt2yux0qWEAyFobBUew+Yjqau8yK6lOVnh0TwjbixdVarvV2iW9h66SmkxuWWFckV
tsJQFDrhWedRxkfNUaqRTZe4PBIcXhU1Q8nL0+2MnHQBxaj/ANWjrRKeWz3I4S7yUjmvUJKsdQlC
iKp5y7FfLZ6mOEeYceNqNlv3bilX96hTzvQeX6nuRwlRktpDmpHFOZ6lMUAEfTmq3zn0RXy0Wzc3
bDb/AGo0Fi9TJTt3nvKi251tfI6/IUhSkNJH4R0STk+h61b5sm9CvIkWPSe12y+0WlLbZpl3evUu
K0TI+HfU74r5JU4eZAHdZV3P1q6LqMo+VHtuW6W2XIy3E0H8QhkFKfGShvI98FWfzq9Qn1Za5R6I
8qeIOLamimw6KtNsV2ClDnwPyCar5ed2OfsiHNc39V2Re7vcQ2FPIcfeDaQlPYk4HlUmiiR7s0k0
Q7EOn2Y8QnMYlt1KgQUuH51fkSrIPbB6VjonZe5EZEyO4w6kLacSUqSfMGrsAsCm3ZVlciqz9524
hSVE4KinqlfvzAfrkVaC+w5KZsVmQgYS6kKAPl7VdkHzcYKLjDcjrJHMOih3Se4P61TcZPys89Vx
gpccHK6lSm3OmMqScEj2Pei1DKqXHvCH4YBktqCmnSBlCcg5BPb2wOvXtWi4jxajY4i2nJ9OyO24
B4Wu+N89RRcaaTxLGjeNF+uEzzaXeLtkjIP4mOaOR/YUU/3AVvItSSaOMnCUJOM9GtCT9oJTTmoJ
NpkoS7DuUdbDrS+qVYBOD+XMPzqWO+CGRkvCXuzL4c97bboi4OpdtMa7/dQekulPhW2aeZlQPXPK
+lAwfM1jzWNCSLzqdck1ESH1QCgFAKAUAoBQCgFAKAUAoBQCgFAKAUAoBQCgFAKAUAoBQCgFAKAU
AoBQCgKHtQGhjiYXFT9oZIRLlZ0ntLFSmM2lxPLJuaiFKUAchXJ9MjFVWdyhvc26h5OW3EuDtlJz
VpUijdQDVO6W2+lOi2WZbuoJqOXmwiOjlaz7FxwD6gUBKkmZHhN88h9qOj+k6sJH6mq4YMaum6+k
bIVCVf4aVj91DnOT+mauUZPoWuSRiVx4nNGw1FLK5cwjzaYIT+pqRUpFvmIxe7cV9sdbKIlhluEH
op14IB/5pzV3kvuW+YYJqLiU1Td0rbgJj2Zs91MJ53Mf2lf7qkVJIsdRmuerb9O3O3itkW43GTcm
NMsG4vh90rSmU7lDAxnoQjxVdPUetXYWcJFMvGplMy4xrckrlPtR2wPxuLCf76kzgswYZet5bDbc
ojKcuLw8mRhP6mrXNF/KzCrlvpdnwpMSHHiAn5VKysgfwq3mfQu5UYvqPVeo9wYjtqXOS18QnwW2
mxyIUtR5Ug46nKlAY96scnjUujFZMn4iNjImxNz0zMtTTn3PdorcOY4s5KZiB0UT/WBx9Ej0rVWd
19o5s9H9DcX9n9lUMdV9epG3YelbU1Ba7qhUSZEuDYJCFeE+EjqW1ef+ycH9atKnkY1LOkPrbGnb
ikJUQHFBIQoA4yDnzrXXHELW19mtNJm9sOA8T4mua0oSku+NPmz3B68vKT4dtaZSe5ekDI/ICtDV
8TWkNKab+B3lr/Dfi1Rp3EowXvyz0JsTkr5p0px0HuwyeRvHp6n9RXK3fiG7uHy03yr6np/CvAPD
LBKVxmpPrnb5F0aZbjNpbbQlttIwlCRgCuYlKU25SeWz0mnThSiqcElFdFsY9ptSWmrrHP8AONT3
DnHXqAf0wa9w4c3K0pt9kfFXHoqHFblJ6c8vxMp0tdPubUNum5IDLyVKx/Rz1/hmtkjQvVHq409O
yrTbrFuBZ1FmbbJLTUhSB/OIDgW0Vf2VpGPrVKq0yi2m8PB2V281CjVmhNPXpD6JIuFvjyS62cpW
VNpJI/MmsUyDIaAUAoBQCgFAKAUAoBQCgFAKAUAoBQCgFAKAUAoBQCgFAKAUAoBQCgFAKAoelARd
xMb0RNgdkNVa2klJet8Uphsqz+2lL+RlsYB7rKRQGg+03EBL4VOHQvyrFbLtrvVU5U3x5QKXJNwl
ryAsDrypCskDAHbpmpnTxHOSJTy8I2NjcTeqWLRGisQ7fEWhpKVOBtS1E4GSeZRBNTKkupZ5jIoj
7wau1Xulqe7vXl5pyJEj2ltcYBrCTl1xHygdM8hqsYRTKObP3mXadcFqXKmPyFK6kuOFWf1qXCI8
nkPy+XegPLMu8G3J5pUtiOPV1wJ/vqgwWFe4dt/BEblXZ4dCIEdSx+p6fxqnMi7lZb7vrTUca0yZ
rNhagsMoLgVPkdV47JCE9eYnAA9cVRthJEa7eT2IVqul2v2qXI1yus512SxbuqiUHwxhWMhBKFKS
DjCVCrI+pe9di4TNTaHSoqNuuN2eH70p08p/VR/uquUMM8b26TcRpbNo0/At7ahgKUnnUM9/Qfwp
zDlMCUoqUT5nrVpcZrshZ/5Qby6MtxUEoXcA+sEZ5ksoU9j9WwM+9YN5U8uhOXobCwpebcwj0zn5
anQfdLY2Bv1tFfNPS0hEtR8a3yuxYkJB5T9PIj0NaDhzdNSaOj4ulOUYvscwBGnWyVMtd1jqiXe3
PqiTI6xgodQcH9e4+tdVGSkso4+UXF4Zb9TuONabuimVrbfEdfhrbOFJVjoQfrVXsWoutmLhtEEv
Eqe8BvnKjk83KM5rxLik/MvasvVn2h4ZpeRwa1pp7QR7DmtWdKUqgK5ziq7ajGdDGbPn74vo8g+n
A/2BXu1pLmoQl/tX4Hw9xSHlX1eHacl/+mXgHl6g9RWZk1ZKXEEidfeG+ci32167S5MVjLLDZWtP
YqXgdflwTmr5/cIo/eN7fs5tWHV/Bzt0+olS4cNVuUScnLK1I/wrDZkmylUKigFAKAUAoBQCgFAK
AUAoBQCgFAKAUAoBQCgFAKAUAoBQCgFAKAUAoBQFD2oDm19o1uJB1HvtpHQl4urUbRmmIH8qL02p
YCS9zKQwhX9Inp8v9bNSQxnUslnoajXC8ag3q4iNu590tUqBpF1bsy0xJHRTjLROZCk+WVhP5VJn
mmuxZjlizcjHzDrWWQGG7aFUiy3W5ABTlwucp4FRxnlX4QH0/Z1ZHYqys2DqUMqkT7/EtTKU4UY7
HMO5wfm7HqB+VNSuhGG4F9ltT4S7Xqpq8NpSRKZkrdbSs5GOXwk49e/tUcnqXpFoZ3RXaifh9CW5
9wd3/iy4o/1gHBn8qc2OhXHqP8vd4vDgjMSW7Y8Qf82SxyOAD65pzscqLezdLnqW6SX5012VBsUF
69TBIWVNnwknwUEdgVO8uPdPvUM6nIsslhTc3p+8GP2mMYlsjNKJKkNJCio5JOOpJ9c1IlgsPX2F
MApQFqmXxbc9UKLAkypCQCV8vKynPbKz0/SqZBOvB9t/fdZbhXW9fexs0azRPhw7BaStRdeIJSFL
BAKUIBzy/wDGe9aLilZRhGDWcnR8GoOc5VM4x+ZvxYdi467Qyt/V2r1Pu5cWpN28MKyenyoQEjy7
AVHbPFJLG+ovVz3D1bxoacccexEbarUti1Za3Zku3XsmDcZM54vOmUMqbWtWBnmTlP8AsCtnbz1c
Wau4hlKa9xq5qbpp+4f6lVZ3QwEXi29LdF/1SP7hXh3ENLur72fbHAP/AGq2/wCCPTnPTy9a15vS
nY4oAPSgMetzRZvl7z3U8hWD/Yr2fgspysKTn2PjvxhTpUuO3MKKwlL6tJv6svTZSIboJ+bnRge2
FZ/wrdnGmwWjJAm7WslfzEQ3UKB9goY/SplrEie5sf8AZWADg7sQHQC63MAf/u3K15lG3lCooBQC
gFAKAUAoBQCgFAKAUAoBQCgFAKAUAoBQCgFAKAUAoBQCgFAKAUBQ9qA0IsfBBeN3+NrcHdLdnTkD
+RQeDNmtfxhc+NWyhlth91sAgtltKlFJIIX05cdaAwniDt8Rnjr+7YEVuHA0/o9ltiOykJQ2HnCc
AD+zWRS1llkU9Foeu9y0wLNOkqOEtMLWT9Emsp7GOiK9QSnbBspp2MlamZMqOwVlJIPMpAcX/FRq
N6RL1qyKnZ8p5JQ5JecTnspwkfpmoyTB+BSQSPMUKj/uaYB+T62mErfe5UpbSVFZ/dA70wDP9T6Y
f0BsLaGpIDV71/cUypIAyRb2QlbaM+Q6IyB35qwYzVas10j+PU2MoO3t4y6z/BGC46YHas5GuB71
UDOKA/OPIblvOMMOIdebUELQhQJSo9gR5GqA334M9FJtO09tfQnMi/Sl3BxfJykpUeVvPQdm0oGf
auNvZefdcq9x3nD4q2svMfXU2/aaS22lCBhKQAB6CtslhYOebbeWRFxX7dx9zNhdV2p5sLdZimdH
Vj5kONfOCn3wCB9akg+WSZHNZi0cibhMck6ZubcgYlx0KaeGMZIHRQHooYP6jyrbZ0NSllmTW0Yt
8X/VI/uFeFXk/NuKk+7Z9v8ACaKtuH0KKecRj+B6T1HoKxDankfuTLK/CSrxnu/hN4Kh9fQe5raW
nDLu81pQeO70RzHFPEnC+Dpq5rLm/tWsvktvjgumntM3LUilr+B+JQkdUc2Izf8AWWs45umDjoPY
969B4b4eo2v8yuuaX0R4N4i8e3fEl5NjmlT/AP0/iWafbJNs1XfESXhKLi2loktj9m4ktjBQfNPk
CK6uMVBcsVoeWzqSqyc5vLe7e5+qFYDgOOox/EVcRk47XSviNs5qCcloPo/Lkz/jUsdiOW5tJ9lb
/wADyx/8rXP/AOLcrBe5km3dUKigFAKAUAoBQCgFAKAUAoBQCgFAKAUAoBQCgFAKAUAoBQCgFAKA
UAoBQCgPkpHegOZu6N5F54891RgZhWS2xB26cuT/APNWRR3ZFU2PFuxIXG221Its4dMF1Lf9opwP
4msmWiIFuYHvm6iKmx2xro002VADsAAEj+FWS00L49yKfM1YSAZJPcmgAwFdaAzXZzbh7dLcO02j
wg5bEOCTcScgBhJyR0/pHA/OsS6rK3oub+HvM2zt3dVo0+nX3GacYl5buW8cO0sDki2C1tx0tp/C
lbp5zj0+TkH5VruFxflym+rNnxmS86NNdEQsDnpW7OfH1qoPRBhKnS2WEkJ8RX4lHASPMk+WBk06
4KdMmP6Zszsy53ONAQt6ZdroqNHCfxkqw22r6gfP7YqNtRTky9Rc2oLqdhdpNLNWCzQYzaAhi3RW
4rYGSMpSAT/39a5C0g6lSVVnb8Qn5dKNCJ7dT73aM0m78PMvjD80nlTEhZkOqPXphGevQ1s5VFDc
01OlOpsYbM4jluPo+C0LqWTA6hb67eUkjHcIPzEfQVhSutdMfM2MbHR82fgjSTjo2ohWyI7uTbUI
tem5UJESbBSwUOo5ieQhAAwRzdc9vm9ay7G75s0Xvr8v8GLxKy5Uq/TCz01If0vs3q252WC9ap76
Le6yhxpcpTa8pKQRhR6kfXNUfh+zqSdSpHLe/RM3EfHXF7emqFvU5YrRZxJpdstama27h2ujzZN7
1Clxn95DaeVI+uAP76zaPB7G21jTXx1/E1V14r43xD2KlxJ56R0//lLJ9TmtvdsmksssffdwHRuO
2ByFX9kdMfrWJdcZtLbMaPtyXbZe9mz4Z4O4lxBxq3f8qL76yl7o7/PCMcu+tb5qlltmb4Fvtzf4
LdCTyoPp4h/ex6DoPfpjibzxFd14eXTfL6rT9+89k4R4A4ZZVPtFeDn2jJpper0w/dql3ZhtsfkS
bvfg/JekpbkpKC8srKApI+UE9ce1d5warOvZQnUeX3+J4f4vtKNlxq4o28VGOVhLZaLYuJOa3Rxx
Mu0SidCXxOeg8TA//TNSR2ZHLc2z+yt/4Hlj/wCVrn/8W5WE9zINu6oVFAKAUAoBQCgFAKAUAoBQ
CgFAKAUAoBQCgFAKAUAoBQCgFAKAUAoBQCgFAUV2NAc1t3rbAtvHhuYYLDTKpOnrXIk+H++8SsKU
r+tgJ/SsijuyKpsWXdhtTuhbghKSsKU0FpAzlPiJ5s+2M1kS2II7kXb1y/iNZloHIYYSnv5nJP8A
hVktySOxgClJQkqUoISMZKjjvVheeaRc4sNJLkltB5FKwVjJCRlX6edWynGKzJl8Kc6jxBNv0LFD
3Bt1/glqzvxE3RBV+wnPhtJ5eqjzDIxygkY7np3q11IxWrx7y6FKdR4hFv3I3h4WkMbY6IRcdT2K
5We53n9s5ODIlRksjPho52SopGCVErAAKj16Vyt/X+1S5abTS/E7Ph1s7CDlXi4yfdbL8via2bn6
lb1huDqC9MPolxps112O8g5BazyoH5YNdFa0/KoxicneVfOuJzXcxlw861KCeQE9EjyrMMMADmAU
cJJ6nGaqCVdkdvBq3WkP41hbtvaadmvoBGPBbSeUOdOgW4EJx5pC6wbys6FFyi9TYWFBXFdRktNc
/ItPDrZ46NYw9TapSLdbYcgXDxJCCeeQ+tSmQgDqpRCvlABJpczUaMsPVrQpZU+e4i3snqbPb0cR
EbQlpZVqZ9222h1fLH00xJDU2cD1Lr5TkobHYIHU5yT5DipXM6MfLpe0/Tp+/wDo9NteE07+o61x
JU4Lq9c+iXX4e9kD3/7QR20QSxonb6HaE8vKXLg8OYny/ZtpBz/aPWooy52uZ/LX66fmbKXDfKT5
Fou+j/8Arq/dnBDF+4uN8NTXBlKdVOWoSQoNM2yKlBWB1yMAg48/MedZ0VHl5lBv9/M1UqEfMUJ1
ox9MrP6e/ZmPSOKzX69N3zSmr9Sz7vbLokxp6rq2267GScgLZwMEZxn6EdKyaMJOrGpTwu2M6908
6pmDe/Z6dpUo1MylnXLWm+HHl0lHO++NTNNqt0LtovQ8axWSNIu0FjIizL0kMKbQevKEpJykHOM+
XnUNz4ilbydNJafF/kjdcL8AQvqMa7c9cN5Sivzb+hW86p1dqc/+M72lln/QQmuVP06muUu+L1bv
/wAjbXvwvkvzPU+FeE7fhmPJjGL7qOZfOWfpgt0O3MQQVISVuq/E64eZavqa0c6sqm+i7dDtKFrT
oZlHWXVvVv4nr656mojJLBFWGNTXlkAAPNMO/QjINeveHpZsIfH8T5N8fQ5ePVX3Sf0LkRg10p54
TLtAObQ98HmfE/7M1fHZkctzbP7K4Y4PbGD3F2uf/wAW5WE9zINu6oVFAKAUAoBQCgFAKAUAoBQC
gFAKAUAoBQCgFAKAUAoBQCgFAKAUAoBQCgFAUPagOWOvLgb99oDu88UBP3dAhxB7gJHX+NZFHdkV
TYu24hxo64/2R/1hWRPYhjuQbui5/wCXV4KjgJcHX0HImo5bki2Mch6Qt251iuLLMSTd34bkf4S3
NuFszpRc5cIKTzEAEp6Huo+gq1rKeSupAcvau6r0RpO586pE3UiXvgYKDlxeJAZK1FXfnUSE4/0a
u1aqtVSnCC6s6CwtJVqVat2Wm2uXh79S66g2h1PpW4yLPd9HohyLXyIfRKSEqC1JyEKcbCMnBB8z
1ArXVKNem25Sll9tfo3L8kdErywzG3lCmuVJ+00m/RyioN986vZZLnZd3NY7QOKbsmorxZFrRgw3
nVSYxSQR1ScLSO+Oh7CterOVSXNOGvdey/zizcT4tbqly0q3MnspfzI/BtKpD4Jnr0hcp2pIgRHQ
oX5ppJMuO8lbMkk/8Ye2ep7jPoaz5cWjayUa+kW8Lo170+nqvkaql4Vq8SpSnZazistZUov/AIyW
z/2y+DZsPYuGDeS4w2XJOlIMRSkgkrurQH1wMkZrZPiVvHTOTk48Ju5f0497Rdp/CZuJDsky4XOZ
YdORIrZdekyX1ySlI78qG0/MfYkdfWof9VptqME2zI/0ask5TkkkbG8PGyjm2e01xTe325N8vba5
E5TSVANoLZCGxnySCe3mT371pbu6+0VVJbI6Cws/s1Fxe8jD9Y7Uar0hsjorVbDFuu2rrVbFyxfb
o8ptDBcQhDPhRkowt3w0tISCByqKu5ODtqtCrdKapvZLTv8AMweGqlRlGdXGj1znC+CWTSFOhtVb
mXt27C9ru12blLRc3pKipKFpzlPiAhXMSccqCAAQc9wIbXh0YpqrFe79e5Fx3xV9nmoWlRp43wl6
aaZS/IljT3Dnp6OzHRdVzL7IQjlSl95SG0eeEoSrp+ZOfet2oRisJHlFfitzWm5uWvzZOnCPw+bd
7iby6qt910lCeh6btEYcilLHO9JWtQV0V3CG0j/aqrxsbXhkpzg6k5ZyZVx8cC2jF7GztS6FtLVi
u2mm1y1R21uLRMjd3WcFRwon5h06kde9Y1SCenU6m2rypybeqxhruuxoptaZSdHQ25oC0t8yWVhW
SpvPy574I7HPXpXlHFlBXc3H4+/qfWPhOVeXCKXmvKX3XvmPTrutnkysda0x2BQn3oD7SpAaUCkl
ZUCFZ7Drn/CnQo08mNY/8spuPOI3/wBY16t4Zlmxx2b/ACPlz+I0FHjeV1hH8y6nviusZ5cTRtq3
8HtXepK+gUiSvPsG/wD61JH7pHLc2z+yvjOR+DTS6nBgvzrg+n3SqSsg/pWCZJtxQCgFAKAUAoBQ
CgFAKAUAoBQCgFAKAUAoBQCgFAKAUAoBQCgFAKAUAoBQCgKHtQHKLwFK42+IaSrBH3hHaBPf+bSc
fSsmj1IaheN3pibdt1epi0uLajNB9wNJ5lciVBSun0BqeexFHc1t1PLf1tqOdcpKVw4DzxW1D5vn
WnsC4R7AfKPzJqF6vJMlhYL5oG+fyb3V0FOZAT4N9jqSg9jjJ5T7dKo1zaFU8amxO7/D1rHUnGXp
HUEHSwG2za4nwE2A2hEWK0kFzBQjqj51LV+EA83etDZ0Kk7tzqbZ0+X6neSu7eNjRt7fSbWv/LL/
ACwYJpG2G3NXkOOuSJD91mOuvvHK3CXldz59Ogz5Cty9zw+8qSqVnKe5Ytw9vbNf7WpKYEONcJLr
cZEzlDZb51hJOR3PU96texW1rVITSUtDY61fZg6Z0fqm3an0lepUiVF5HlWW6OZiSVADILiRzEE5
6EEda1NS2p3LcakcnrFpxS64fTToTxLq03r/AINr7boUqtsX7wUYs8tIL7Mc87aHMDmCSRkjOcGs
GVhTT3ZmR4tVazyo9jeiIKf5xbrn1OKKxpLdlJcTrPZJHra0rbG//R+f2WSamVrRXQx3f15f1Fb+
02m3IRyDCVAJTjoAK3dgmqmF2KWuXUOeur4ceFudrtqNHRHSby84tKE4BJCSVYrKqJKbweeeIsK9
x6fqeDAxUJzRTSs6/bf3O+T9Jajn6ck3vkM5cYIXzqQnlQocwOMA9u1UaybChfVbdYjjHuM3vvEr
rSHtLN0/e7vHu7ao62XrlcUoQ+9zKJ6qGBnqAMDyFUccmXR4pXdRZ29xqwtLCZTpCClkrUQGwB3J
8q8OuG3Xm5d2foTw9KNjQ8tJLlj9Uj8fPpWObEK6nIGPoaAdMZ7Ciy9g3jVsxxtaHdWynW1ocbVE
RhSFAjoo+leseHKVSlZvzFjLZ8s/xDuaNzxdOhNSxFJ41110Lt3x9K6o8wJoYuLWn+H25z3ceGi2
ylK8u/On/GpNosi3kb3cBdqatHB/tU00hSPFsjL6wo9edeVK/iawTKJ9oBQCgFAKAUAoBQCgFAKA
UAoBQCgFAKAUAoBQCgFAKAUAoBQCgFAKAUAoBQCgOVI/4ZXEN/ysx/2KKyqPUgqdDK9V6eY1Zpq6
WWUpSI1wjORnFJ7hK0kHH61kNZWCFPGpCGzm3jbmtNY2y9gyY9ikR48KOSMFpTZIUojqrOPM1DGO
rT6Esnpkw69liy6+s05ZDMa3XxlagOiUpU54ZPTyAWT+VWvRl28Tsltv4V30JZ0qB8NyA0ggHHZI
H+FYMW4VZM2PO4xjNHPbWFoOlt0tc6cICG7ddFOMt5zyNvJDqQPYc+KnPOK8WpZe+v0ZY77Z2b7a
34Ty1tpcAIcbOFIIOQR7gihBGThJSRK+y/ELrTbX4KyXVdvv+nUhZ+KW2tma0sqGBkEoUjGemAR7
1FKll5ybujxaVvR8uMc4+Ju1bNRQ9RxkyIcxiWABzeEsKKCRnBx2NYc+bPtHZW1WlWp89J5TPcOt
WGWVwKqVPHcYxlRHGwMq7p+tT0J+XUTZLSnyTUmaBb6W/wC5OIfWEMjwlSI0CcpvlxhSmAgkHzz4
XX3zWxqSUpto4Tj841Lpzi8/4/7MXB6VEcyfOaFTBt5hFe0aqFJwXpTiVxmlK5S4ptQUSPXlxk+1
UbwmzMs05VVjbb56GANvJeaQ8o4C0hff1614hUpVataXLFttvp6n6I21zbWllSVWpGKjGK1a6JH4
SbrDiJ5nZLSPqsVn0eDX1d4VNr36fiaW98YcEso5ncKT7R9p/T8z12e137VWPuOxyJjR7SXx4LH1
5lDqPpmuntfCretxP4L9X+h5txH+J6WY8PofGf6L9T03fQqLMCrUl1RcZI/DZbWccx9FqPQD1KiR
06DPSt87ThvBYKrNJe/Vv3HDriXiLxhW+zUpNrql7MUvX/Jb9VXaDd9boVb46ojDNpjteCrGUkE5
GR0P1862dlfUr+Hm0c421Oa4xwW64HcK2u8czSejzufgM4zWwNESXurKZs/Cleg46GvFtnhIJP4l
rX0A+uTV8tIEa+8dSOH/AE4nSOyOhLMjl5YdliNjkJI/mknz6+dYRkkgUAoBQCgFAKAUAoBQCgFA
KAUAoBQCgFAKAUAoBQCgFAKAUAoBQCgFAKAUAoBQHKkf8MriG/5WY/7FFZVHZkFToZ+fKskhIp0E
0Eb47hLBVlxqLnr06JxUa+8y97Ihfc2OqT/KJtv+dJdKPZQyQf1AqKfUkR1l4UdXI1bsLoi7pWVl
6CELycnKVFJz79M/nWsm+Wq2bGK56SRDPFftj8JvDZ9RsKREiahaECRIUklIfRktE4/pDnTn+wPO
suOpwXFIyo1ZSxo9V+f5MwZezk5P4bhHV/sKFX4Ob+2R7Hld2kvDY/ZuxnMdccxFUwXq7gShwS6Y
csmod05Sylzx50OOtxKspK2mSFJSfPHNg+4I8qxK6w0d/wACrc9Jw6LD+ef0Nqk9qxjqStAfJNUK
kWb6aRgzXrbqsWQXWRGact05pmOhb647pSUOJzjJbcQg4z+FblZKqxUcyeMGnurB3cJUoxy5bEOz
dE2Bt8Ik26O24pXIlKiU5V6Dr1PtWZGUZpSjqjyWt9ptqsqNXMZR3R6GdLWhtXI3bY3MMDl5ASPT
vVzwlroQKdWbSTbbIX4ittGtw9CXyfdFOWOJZEvIs8MuiM9IdQk+M8gA5KcZSB5gLJ6EVrle0p1l
SSznqu56jwrw/cWlq7yu8SfR74I5sXDdpJFoiPTn7jLyyhZLsxSEjIB8umOvnW5UEloZTnJvVnsQ
ztft5j4ODb5c9HQCO2mS8T5ZV1A/PFYlxd21nHmrTS/E2dhwq/4rPks6Tk/RafF7GP6j3Xut8bUx
FAtUM9PDaP7Qj0K/L6D9a4i+8U7ws4/F/kj2fgv8M8Yq8Wqf/GP5v9DCislGCSRknBPme5/PzNcH
XuKtxLnrScn6nt9lYWvD6flWlNQXosfPq/iYramFp1PqJ9ayrncaSgHulIR/cTXqPhyUXZKK3PmX
+INOa41KpJ6NLHpgvYGeldSzzIkPiJsybnsfYNOhwNyLlcbZCbCvNS3Eg/pmrqn3C2H3jr7pu2Gy
6ftduUQVRIrUckefIgJ/wrDMgudAfKu9AYTqTXjq5z9g0q03d9Rp+Rwk/wCbQM/vPrHYgHIbHzHp
2BzQGYW9uQzAjtynkyJSG0pdeSjkDiwPmUE+QJyceVAeigFAKAUAoBQCgFAKAUAoBQCgFAKAUAoB
QCgFAKAUAoBQCgFAKAUBQ0Byctc16Xxfb8uSEBp2RPZf5Bn8OOQH/o1l01htEE9dSTjU5CRboX5t
6deqHbkYT+YAz/fVi+8y97IiXVCA5f7kk9QX1g/rUb3ZKtjfz7OXVtqvnD+bJb5yJL+nbi9b32eY
eI0MJUgqA8jlWD58p9K1Vf75saD9knTeXSUDX+3dws88uMv4DkKYynmXGkJIW05jzAWlJx54qN3K
owzIjrcLjxGShon37d/+jViXvFa9Lv3K26qaesV4tcBVwlMuoKm3GkkJLjTg6LSSenZXqBg4yYXV
KpFSzv8Aied3PhfiNvWdJQyl1zpjvqYrt9xZ6N3F1TabJAanpfua/CYaaaEuQpfMBjwY6nFIGOZR
U5yABBPXpU3mJLJbHw3ctpTkln4m7W3e3ln2z04zaLLGDEZJK1eq1EkqJ9yST9SawZzc3qehWVlC
yhyp5b3fcyodKsNiVoBigPNMitzo7jDqeZCx1FR1IKcXGWxJTqSpTU4vVGsG5vBizulq27XPUV8u
1wgSoiI8S2R5QajwVpOfHQMZ8TOOp6exrDg7qhFQprODKqW/DbqrK4qrEpb6fXK3+JatlOCC17Ga
kN5j3S/6ivLzamhJuUznQhBPUFCAEk9B1Vk+mKsuKl1VXltYT7E1nacNt35sdWts4+hkfGhpCLB4
ZNWynLKzf57DKVIL7PiCNlQCnUDyKQSc1Y6crOHPT1lovcu5sbWdPilz5Fd8tPDeO7S0WfU5yxYq
JEGL4vM6EtpIC1kgfKOwzXFXPGb+rJxdVpZ6afge/wDD/CHA7aEZxtk20n7WZdPXJ6m2W2gQhCUD
zCRjNaSU5TeZvL+Z2dKlCjHkpxUUux9VaSD/AL9aFdCwZUzqqYjGEvR23PqUkp/xr0nwvJulKPY+
df4mUlC5pTxrL8sl2j8vxLfMCUc4zj0zXcniRK281sXqzcrZTSMN0IlT9VRnQ16ttkKJ/UCq1tki
lPfJ13Hc1iE5YNU67sWjvBTdbi3HkPHDMVALj7x9ENJBUr8gaAx1pm/7ivrckmdpbTKTytxkEsz5
w65UtQ+ZhHokYWcfMRnloDMbBp+26ZtzcC1w2YMRHUNspwM+ZPqfc0B+10ucSywJM+fJahQYzZde
kPrCG2kAZKlKPQADrk0BC+gOMbbbXllcuCLo5bENSn4rhksLLSfCcUjn8ZILZQoJ5grmxgjOD0oC
aocxm4RGJUV5EiM8hLjTzSgpC0kZBBHcEHOaA161DxxbeNao09Y9OXZi+vy7iqNc3UoeSi3x0NuL
W6rCCSeZCUgeZUSSAKAnDSuudPa4tTNz0/e4N5gP/wA3IhSEuJUfMAg9/agL9npQFqb1LaXruu1o
ukNVybHMuGH0l0D3TnNAXU9qAjnc/cG7aVuOhWrFHhXBi86hYtc9bqubwY6kLKlowofOClPfPc9K
AkegKZoCtAeecXxEeMUNqkhCvCDpIQVY6ZI64zQEZ2bd672aOhvcTScnSMgHkVcYjwn2xZzgKDyA
FNg9/wBqhAGe5oCSbZcot2iNyoUlmXGcHMh5hYWhQ9iKA9WaAFQGMkDPSgGaArQCgKUAoCtAUzQF
aAUAoBQCgKK7GgOY+8VsTpPj81zGQhKW73p+HORypwMpJCvr171k0nrghqbGRnyrKICL9v4wa3P1
XIByqWgPq6Ywefk/+QVDB5bJHokRJqX/AM4bj/r1/wB9Wy3Zejan7J4R27Ru80lARJF8YW56lJbX
yn+Cq1tf7xsLfZm9s65w4OEyn22uYdAvzrEbS3NnToVautOLZY5ydK3FfPJRCeXylGVI68p7jt2P
pWPKnSlukZ0ad/DZM/PRO3ejNHmRL0rp20WdUs5eft0RtpTv1UkAn6VPHCWhrakZxm1UWH++xlie
1XIjLPqu9Oafs7k1thyQUrQjkabK1fMoJB5R5ZIz7ZNQ1pShDMFlmTbwhUqctR4Rc4TjjsRpbqOR
xSQVJ9D5ipINuKbWGRVIqM2ovKP2q8jPwlKcRHdUygLdCSUJPYnyqjzgvgouS5noYBL1fd0uLbUt
LC0nBSEdR+tYznI6ynw62aUks5PiFqa8uyEJaeVJV/o+QHP6CnPLoXVbK0jFuS5fiV3iv9ltmzmo
HNYzY9phSre8y547nIFKKFcqAe+T0q+dWFOPNUeOhz9KzqXNw6dpFyS106Jbv4HJW0zGrjbIkllI
S060lSUgEADHYZryW4i4VZxlvk+vLCpGtaUqkHlOK1+B6ycDpUBnFME9aAtkbUEZ6+TrYtSY64jb
ThddWAlYXzdh36cvX61taPDbi5pxnRXNzZ+GMav5nL3niPh/DrirQvJ8nIovL682dEt9Ma+9Fsy/
N1M1JTGcajIYW2XV9ObKgR0r1rh9sra3hBxSaWvv9T5V49xCXEOIVqqm5Qcny5edPTsYVDv1wO/9
rgtTXfux67W+I/FJyhSVkBQ9s9e3rWfl8xzvQ3Y20i2nXfHxtVbEzkOydPwrhPfjt/MWnUtpUgKH
lkHNXVnqW09jqL1rHJizWvRtnst+u17iQUN3a6lBlzFKK3HAhPKhAKieVA7hKcJyScZJoC9pHSgI
/wBdJ3Nn6iZg6SOnrVYiy2p+8XPxX5KVlaudLbCcJOEhJBUoDKj6UB49I6aZ0hMctmrtfv6wvV3C
kIhXcx2kKRzFXK1GSB0HUZPN0HegIs0xrC76B2yl3QXrTv3dGVcp91tDjwdmLW5JfdV4RbURnlWk
pRjrjHTNATRslDVA2f0Y2slTirTGeXkHopbYWoYPYAqIA9BQEHbqWzcGwb16MWNfWKdEdkTfgYlw
tKw/EDzaglLimlHmbPLyJWoJ69OpoC8cLOldMaj0rDuXwulr5MscktRtRafdUoyHMqUoudEqCk8w
AC89KAlPeDWDdg2+1Wbff7Zab9GtrzkdU2U234ThQfDUQo9MkjGemSKAtWmNvtt9b6Ftn3bAgT4k
iMlbNyaIE7mKRlwvpw4l7rlSshWSc0BddrdZs6kOorIzGuPh6XnmzGfcVhapqkISS4FADP4sE+oN
AYoOFHbWG5GZs0Kdpx+PI+8G0Wq6vt4d7eL4alqTkdPm5fagPNpK86ztu9Tmh4t/XqXT1rhIm3K4
XSIlL7HiEhqOHUEBxwgc5PKMJHvQF719r7Uek90rZEtsF3UNmVp+fPm2iE0DLDrT0dLKmlEgKK/F
cTyHH4c56GgI23I4nfDueg7na2NU2G1NXwMXuDMsTiFvsLQtCUHKTjDnKflOTQGxGk9TRdX2Vm6Q
2ZTEd0qSlE1hTLoKVEHKFdR1FAXZxIWkpUAUnoQRnIoCM9tLNATrHU93sEVq1acVyQWo8UBtiTIb
UsvSEoACRkr5OYfi8PPXpQHtu+79tg6u0faICG75D1DKfhCfbpKHkxXW2VOjnCSflIQoZ8jjPegP
br3aexbky7a/e13NSbfzlhmFcn4iOdWP2ig0pPMpOOmSQMnpQHg0ztlfNNatYuA3Bvt1sDUcsix3
Ntl1JVjAX4wQlZx06HPuTQEhJ7UBG+oNB66e1nPvlk3FchQHmkpY0/NtbT8RpQQATzgpc+YgnOTj
mPSgI0vm92so+rm7UsQrdP03dIES+sRkiTCuDEwqCPCcJC2XU8vNyqHY+4oDL9L7qags+ntZuX62
StUz9Paget/hWCMFSVxFKStpwtFX4ktOJJAPXGR3oDG9yeLyBpnQir1ZNPXx+f4rCUxLpan46VJW
4lKgVcpwrlJI9xQE06Q1xZNdwHJlknonMsrDT3IFAtLwDyKCgCDgigMgoCtAKAUAoCh7UBza4u5E
2Jx/6Z+OhMwbc/pJ1qBMCvmmL8TK0kZ7pIwBjtU9L7xHP7pcO5rLMYw+wwWY+s3ZjXODPt3jELTy
kASFoHTJ6ZQrr51BT3ZLPZECal66guX+vX/fR7ly2Ljw3b7R+F/iEVe7g1Oe01qWGIVwZioSsBYU
ClwZPdP4jjqUhXesWtDmRkU58rOuD9rtus4kK5x5ZejPMhxl+OoFLjauqSOnvWrlBN6nRWt7O2i1
BJp9zz/yAhZ6yJBH1T/uqzykZr4tW/tX1/UyC3QGbbFTHYSUtp69TnrUqWNjU1as603Oe56qqQig
GRQDvQChU/FTDalEltKifMpFUwVUpLZhDTbfVKEpPqBg1TYo5N7s5+/avbkwHdu7PpCHOSLu/KXL
8EEdGENqDi1Z6cvUJHXJJ6A4rDVJXlaLf3YPPx2+huad5U4XbVIwxzVlh/8AHOX88Go068M2NEFm
DGmXiAY7WJkdlKcEpHQoK8j8s1zNbw1dSqSlCSazoeu2f8R+FwoUqdanNNRSeEnhrTuvf+R+rF8c
lKAatswZ/eeQEAfqc/oDVlPwvdt+3JJfEmr/AMTOFwj/ACaU5P3JfXL/AAMgsejdSajdbVEZWlGQ
eYMgNj1ClLzn6jH0rpLTwzbUcOrmb9djz3iv8RuJ3mYWqVKPprL59PgkYydPi16mvZlrTKuLUkx3
JKvmOGwEhIUfIYP8a6mFOFJckFhLseYVq9W5m6taTlJ7t6susCM1Lk+G9JTFQQT4q0kjPp069alI
CI9odK3jcfcy7XWzsuvqsipGo5HhNkqSxHUlLah9FrP6VDF+1kvex0o4J+HyJcuIzWG9DchaWGWE
2qPHLWA6+tlBccC89g2UDGO570qfe0ENsG/qaiLyuaAZzQGD682ot+4d3gS7rdb03DhtrQLZAuLk
aM6pWPncSggrIGQMnAyelAQdthsopnXm740/Pa09MZucWJaLuWEzJVvZLCDIS34wISVqyc9epyRQ
EQvav222gsytSaYvdt1cza7mx41vc0mmJKkKLyEuEvpYSkKAVzcwR1xQG/8AbJcefbosqIQqK+0l
xkhJSCggFPQ9uhHSgNb98tqIN53PmXm9NaivtmuNvjNGy6cvCYjynm3FBJcbLrRcbwQU4UcKLmR2
NAfO1uurG7uYuDaX7DpCX9zqtUfTib1GlSpchtQLa3W2iQlTYStJJUSeYjrQFmTF2uVtjdWNQNWi
bulc4DsSbFuCUuXeZO68iPCV86lc4SU4GMAHsM0BZtSbLR9U3zVUfTzbadZaU0TFho+FdLaUXJ0F
YKkpOFLKWPMdljvzUBsDsZqvSd10bbbLp6fb3J1thM/eNvhrSXIj6k5Wl1A6oXz82QrBoDw75aWs
MxFqva2ZKdbx1qi6fk258tSlPrB/ZjHRTfTmWFgpCUknoKA+dlUzdFNuaV1a4hzWkpS58m7IGGry
o453Wv6JR0SW/wB0AEdDQHvs/LdeILUchJwm0WGHCJB7uPOvOqBGfJKGiOn7xoD8t5nI17umidLm
ShMydeWpqmecBRjx8uOKGfQ8g/OgJPH4s0BhG7dwuTthb09YZXwN+v5XCizOUK+ETyEuP8p78icn
HTJx1oDDdKO6r2K05Aha3usDU+mGuWObzbbYYblvBOEl9pKlBTRzguDHL3UCnKkgYfqbh/24ib3a
Btlp0/Bsjb0K4y1otLhiOLKUtgLHIQT+LGR60BJ+xV0n6g208KfOfkyYsuXb0zXFczykNuqQhRUe
6gMdT6UB44HDxa7TGSuFqjVjF5Cuc3hy9POvuLJJJWlZKFJJJ+Qp5fagMh2b1NctW6HanXVxEmSm
VJjJlob8MSUNuqbS4U4ABPL1wMZBx0oC4bla6gbY6FvmqboVfA2uMuS4EjJOB0Ht1x17DuaAwLRW
29l1vtuieq6RLhcL7PZv0u8Wd9L7TkpCklKW1jIW2gJDY9gT0JoCU4Nit9tuNxnxYTMebcXEOS32
0gKfUlAQlSj5kJSlP0AoDU/W2vdw7/uDIgyLxY5dotWp1OHSjNvU3PMWIwJPN8QXSD4iPmGW+pGA
RQG1enLlAvtlh3a2oSmLcGkykkICSoKAOVY8/WgLtQFaApkUBWgFAUPagNHftRtOC0aO2+3RjoSm
XpK/ttvrS3laor4KFgq8gMZ+qqui8PJRrKwYG5LQbeuUhWUeEXUnPljIrYephltFmTZdT6cQAlKp
GjYEsoQAAC86692HqXDWPS3ZNPoa865ifBauuzQ6ASFkfQnIqr3KrYxyZDbmteG4hKj3SojqhXkQ
e4I9qoypJfCtxka02Ggx4d7ivas0IoqD0JpWZcBQOOZjJwUeZR9SMdjiVKXPqjJhV5NHsdO9p949
Jb1aXYv2kbzHukNxIK20KAdYV5ocR3SodutYLi46Mz4yUloZtkVQuKcwoCoOaAxi37gWu6a5u2lG
GpybrbGW333HIbiI5SsJI5HSOVR+YZAPTr6Ux1KZ1wZMCAKFSuaFT8Js+NborkmXIaixmxlbz6wh
CR7k9BQGqG+3HVpvTKZVl0Yf5SXhOW1vskpjNHz5nMdceiQc1RUKlbT7q+rLlcUrf2vvS7dEc69d
mZqVF5vV4kvXq+SmjzypKuZXnhKQfwgZOAOgycYHStpTpQpR5YrQ1FWtOvLnm8s2u01pazo07bOe
zwC58GyCVRkZB5E5PbvWalojDbZeUWuG2QUxGEEdsNjp/CrsFMn4agvUfTdkm3OSQliK0XFDtnHZ
I9ycD86pnCKbmp2q9QWyzuybhMmoYbfWX3HXPl8R1XzLKQevVRNY7aRkJEgbIcPG8u+s+JP0rpxr
S+mHM8uotTsEIUP6TbB+ZfsSMZqPna2LuU6BcKfBtbOFK0ajujExWrdZ3lPNKlhluK2oJypLDKB8
raSokk+ZOT2qLfUuJs2z09I07pKOicymPdJi3J85tKuYIfeUVrRzfvBHMEA+YQKFTK6Ax3W+vLDt
3am7nqO4t2q3LeRHMt8Hw0LUcJ51AYSM+Z6DzoC+RpDUpht5l1DzLiQtDjagpKgeoII7igPtQz2o
C2WrTVusk65zIUVLEm5PCRLWFKPiuBISFHJOOgA6YoDBd6NrL7uXYZ1vtepfuhqQ3HSmM5GSttLj
clDqnebHNkoSUY7dc0BJ47UBrzqvYiXulfdwr9KS9aNTfGwGtOXCUgLTFbgqQ+ypvvhDj5dKsd0r
xg4oCQdstubLa7cLw5oqDpa+z3hNnW9kodaZljmSp1vl+UFWSedIBUCObrQGemEwqSmSWGzISnlD
pQOYD0z3xQFutekrTZL1eLvBgNRrneFNLnyUZ5pCm0ciCrr5J6dKAuDFvjxXn3WI7TLr6gp5xCAl
ThAwCojucdOtAfD9qiSZsaY9EYdmRuYMSFtguNcwwrlURlOR0OO9AeO/6UtupzbzcY6nVQJSZkZb
by2lNupBAOUEEjBIKT0PmDQH6RdN2+FfZ95YjBq4zmmmZLySf2iW+bkyO2RzkZxnGB5CgMU1dsZo
zXuq2tR3+0feV2ZifBR3nXV/5sjn5+ZrBHhryB86cHoOtAZ0ywI7LbSOYpQkJBUoqOAMdSepPuaA
/B21xH5zE52Iy5NYSpDUlTaS42lX4glWMgHAzjvQHpW2FoKVJCkqGCCMg0B5/uyL94Cd8M18aGyy
JHIPEDZIJTzd8ZAOPagLbozR0HQ9pdt9uLymHJLsol9YUrncWVK6gDpk9KA9moYs2bY7hHtzjTU5
1hbbDj2eRKyCATjrj6UB+GjtPo0ppW02hHIfg4yGVKR2WsAcyvzVk/nQF0daS6hSFoC0KGFJUMgj
0NAWzTmk7No+CuFYrTDs8Nbqn1R4LCWWy4r8SuVIAycdaAu47UBgOuds7XOVe9S2jT9vc10/anrb
HuZbSh5SVpICFL6ZAJz19x0zQGRaJ08NKaPstnSkJ+BhtMEDtzJSAr+OaAvtAUPagI7uW+GnbVcZ
UJ+PeVPRnVsrLVreWgqSSDhQTgjI7jvQEi0AoCh7UBDvF7t4ndPhq3B05yFbsi1uOshI6hxv9onH
5px+dVW5RnOHbfWz9/4ZYtyUSu4M25cFYBPMXmyWvLzJH8azYvMMmM1iROe5UFNs3lhQkDCI2irQ
0kHyCQof4VZT6l09jXDeKMI+uZSgOUOttr/6Iz/dVZblY7Eau3lcsuMWpDcl0fKuSsnwmT7Y/Gr+
r+tWNlx+lhtIsdraieKp9SSVKdX3UonJOPLqe1AfpY2LjovV8TVGk7vL05fIzyX/ABIiyGninsHW
+yx6g1ZKCloy6MnF6G4u0/HnvDfnHLdK2cVr19Cfln6dkmKDjHOpaFJX6j8IA+tYcqGNTLjcZ0aJ
gtfHtoy3ltjXum9U7czMAPfe9rccjtqJ7eI2CoeX40J79qhdNk6qx6k4aG3Y0ZuXDMrSuqbTqBlK
QpfwExDqm89gtIOUn2UAasw0SqSfUyhbyB0KwMeRNUwxlGKag3W0fpdbrdy1JbmZLaFLMVDwckYT
3w0jKzj2FVSbKOSW7NTdx/tEpV0kuW3azS778qOXPjLhqiG600hIQspLTTSitRJQAAoA9R8p64kV
PuQyqroaT74b1b5b+xpT8xUu42RmQ+xJsiAmNH5QopQtMfm5yOXqVHOD3NZMYRiY8qkpPR6Fm2q4
Yd2rjoxeqU36JZ9PsR3ZDgmoefbZbS0twlSvD8IZ5OUDxM8yh061Im9kQNI/G2T5tx0S1MuPhJkv
MBxRayEkHBBwexx3qZbFr3N0rIQqzQCDkGM31H9kVkox+p93W6RbLbZM+a8iPEjNqdddcOEpSBkk
mqt43KFt2A2511xX3djUrMKLp7aKM8VRzdWVGVe3EA8hCQRyshzGSCM8uBnuMSVVvRbGRGGDY7ZD
7O7azaC4N3qfCe1xqVCy4i46gIeSwSc4aaxyJAyRnBOO5NQEptC00lpCUISEISOVKUjAAHYAUB+l
AKAUB5bnbYt4gvwp0ZqbDfQW3o76AttxJ7hST0IoCO2tP3PaBKP5PRnbvo1BAVYWhzSLen1ikkcz
Y7lo9QPwnpykDMtK6xs+sreqZaJoktoWW3W1IU26ysAEocbWAtCsEHlUAeooC9g5oCtAKAUAoBQC
gFAKAUAoBQCgFAKAUAoBQCgFAKAUAoBQCgKHtQHz1oD7oBQHyVAigNa+JXi/i7S6rtO3Wk9NPbg7
k3sBLFhjrCGmW1ZwuQ5ghCSAT27AntVjlgvjHJrZw0cAeubdFnRd0JdstOk58565DTVmmOOSUOl1
JS2p5PTwuVPN8iuYEjPmKo7jCwi9W/M8syXfzTL22u9BkSHpMnT8yxJFvflPF99vwVkuMFZ+dQSF
ApKsnBIyaybefNkx68HDQ083CvkrcbUzsl6Q23aWR4SITDYC1AdcOrzk/wBnp3qWWrI0sFqdkQbL
D535Ea3RGsDmcWG0JHYflVNCpjF51tc2NOz79Z9K3a7WKDyfEXj4dbcNHMsISfEIwQVEAEeoqzmL
sGSWmTJl21h+XHRFkLTlbTbocSn0wodxjr+dXrYtNpfs0tZRYu/OqLA1LE1FwthkpQHQoRHW1JCx
jrjnSpJx/UNRSfRFyWuTpi/CYmNLbfZbebWMKQ4kKCh6EGoy8ji+8MW1Oo/DVM2/sCHm3Q+mTDhI
jPhec5DjQSvqe4zg+dAWzcXhI2o3Yu8256q0qm6TpiGkPvfHyWSoNpSlAw26kDAQkdMZx17mqA+b
Dwh7SaXtrUG2aRbjRmuiU/GyVqPXPVSnCSevcmqgwTiM0no/YXauZqHTuhLFPu5ktMsu3eP8Ulgq
JyvLhJ6BJwARlRFYt1WdvRnWSzypv5Gz4XZx4he0bSUuVTko53xl4Nb9jeLvXsLcSBp17Tliv2mL
5LaiLixYiIbsIKJC1jkTyupIJyFAHp9a5vh/G3e1fKcMN7dVg9I8ReB4cFtvtca2YLR50eW9NNc/
M2t41IcGx8KOsocWwquLKWI8aLZ7cPCLqlyG0JQgJxj8Weg8ux7V1yZ5GcvblsFunqPhW1Du/wCN
YLDo0xjKiQGiZU56Pz8ihzgcqMEEHISenlUnM2W4wSJt9uZpbaza3R1lvl+ZfuqYDSUw4YVIkuc3
UANoyonr2xWSpKMVkhcXJkwbT8L2seKS/QL1uFapmjNpYqkSGdPy/wBnPvix8yS8kfzbPb5e5/P5
cedTm0RLGCidFbVaYlkt0WBAiswoMVtLLEZhAQ22hIwEpA6AADtURIeygFAKAUAoBQHypOaAsL2h
bE/quPqZVtZF+YaUyicnKV8hBGFYOFdCcZzjJxQF/AwKArQCgFAKAUAoBQCgFAKAUAoBQCgFAKAU
AoBQCgFAKAUAoBQCgMUZ3JtL25sjQgTJF7ZtSbwpRbHglhTvhdFZzzc3cY7HvQF71DPlWqwXObBt
7l3nRozrzFvZcS2uU4lJKWkqV0SVEBIJ6DPWgND9vOM7iK391vrXTOiNrdMacVpmcuBcJOobg4tU
FznUkNqLeUuODkXnlHL08sirZSUVll8YuTwiVNouG7Vm29i1rqeZqS2XvefVTwkyNQzYRXFj4I5G
EN5Cg2lORgEdSDWLKeX6GZGnyr1IV3B4cd9rTqCLryVr+XeNSR2gtb1nZW5EaWhS1DMNbg6YIRzN
nsPwKJqvNHYtcJb5LjxU6w1HuXsntRrTSEJq56pfW/z2+3sLcSHHI60uN4XhSQlaFD5hklOO5qtO
vClNpvBWpQqVoKUU2iEtpPsv75qLbC26v1Nqqc3c7o0LvJ02UOQHWlLSFLaWtRyl3AxlQwMDIqXz
XnCMfyko5ZJv2f3CbtPuFYNQXvWGlJN81lp2/SbS8jULqnEpQhQUy4WMlCVlJGcZGR55qXV7kJvP
unsppbdvai7bd3mEYumbk0hpyPbiI/hhDiXEcnKMDC0JPvigNNLd9kXp6Fc3ETN0NTO6dT8qISfD
Q54ePwKcx29wAcVVywMZLXsbtbtVtz9oJY9O7SXOPJtEHSkqTdUxZRlES0PBHI47kgqw5kjJxirc
5KtNbnRoKAFVKFtnaptVu/n5zKTnHKlXMR+QzVyi30IpVYR3Zjlx3UgMEpisOyT6q+VNSKk3uY0r
qH9KyY8/undHFZbZYaTnsElVSeVEgd1PsZBqXTdp3n29kWu5NKTCmgEnAKmnELCkrGenRSQevfFY
lSmmnCWqZtba4nCUa9J4knlPs0QNtJw37XbKavueop+uo94uVufGGZkphlqAo5KQptJHz+mfyFaa
zsrK0lN2+M9dctfodjxrjXGeLUKUeIN8m8fZwpevqSZrPWWl94dFX/TjbVxdt8toxvjvh1xlIWUh
SHmC4kEqQrlUlWMcyR3qWtxCnSeEsmpt+E1q8eaT5TTfUGptX8O21snZa6bUTty9l5MZ23Rbjpx9
SLqWnSXHA8hCThQUpz5gOuR1GcVfQvaVVe08MjuuG1qEvYXNH01Jg4GbTwxXZhx7a7TbNr1jbcom
w9RNE3qKc9SrxCTgHoFJ7djjtWxTT1RqWnHRm5Y796qUPugFAKAUAoBQCgFAKAUAoBQCgFAKAUAo
BQCgFAUJxQFOYUACwaAqDmgK0AoBQCgFAKAUAoBQCgFAKAgBW5cPWD2kNfQIi7ZIt2oJOl70xIIL
kVJdUy424Ukjl8RDLoPbBQfOgJ9JyKA0k4Elc25fE0R57hzj/wC8crFqvODNorGTYvU28WkNKXB6
3Tr0yq5spC3IMUF99tJ7FTaASB9aiwydtHiRvXp9C3ky2LpaEpjrksPXaA7EblJQjnWGluABSgkE
474BPYVZPMYuS6FYYnJRzjJEWzFtlItV41FLaTDc1JdHrvHhNpKURWF48JIQeiVFI51YxlThz1rn
7qr5lTK6HXWVDyqPK9c/gR9rXW+5/Fru3rHZ/RN5iaN0La2kW7UF6REMiY5zt5eSkkhKASQ2B+I5
Uc4Bx09t7VOM31RxV57FWVNbJm0/Dzw+6f4b9Fv2OzS5t0kTJBm3G63J3nflvkAFavIDAwAOw9e9
ZZgrXRGHb78bOgtmXPueMt/WGtnzyQ9M2RPiyXlk4HNjohPufT1rF8+DTa2XXoZv2SpFpS3fTr8v
1IFuOhd3+J0uS93dSP6J0m9/NaE0rJ8MqR3AlyB1WSO6R09kmtXX4ljMaWvqby14O37Vd49P8l+0
1shb9tYz2ndkoDWlbu+pl273uAsOyokZDgUeZTgX4i14UkNqyBzKURgYOdw6c6sHKr30ZqOM04UK
kY2+yWq9fUy3w92UW9cVzc9u6n5si52JlIWM5AUWVNkHsDjGfSt0qaWxy8rhz0ZavB3R/wDWtKK/
rFqQM/lnpUmpB7HqWvVcXd9Wk7su1TtMIuaGSWEMNvB0nHdHOCgkd8KHWse4qVKVNzhHma6Lc2Nj
b291cRpVqnlxemWspe/Brm1xhblz/EguRNP2m5xRySm3Ijq18w/fSC6nAPcAg+lcVc+JqlN4hS0f
Vv8Aep7Zw3+GVvXz591qnslnTo087NdTGLxvtuff2QxM3BvrUQZAi219MFsA9x+xCSfqST71zFbj
15Wec4/fy+h6dZeA+DWcccjl78fpn6lNjbhA0nuRabu8pxLrcsF91X7QvtufI4HCokqI5gpJ7g+n
WpeG3s6kpUKjzzbe9Gr8W8Co0bene20ceW8Pd+y/f2Z0XHbA7e1bM85PrBSB8pAPnjvTBTKbwQrv
Jwx2rcS9xdX6duMjQ+41vIXC1JafkcKh2S8kdHE+Rz1wcdR0OfbXlS3eM5j2Nbd8PpXS5sYl3/Uz
bh04uJs7VKtrd42oumdzIgxElpPJBv7Pk9HUegX6o798eYHUUa0a0eaJw9xbztp8k9zawKycYqcx
j6oBQCgKE4FAU5xQFg1nr/T+3toXc9RXWNaoSQfnkLAKj6JHdR9hWPXuKVtHnrSSRsLHh91xKqqN
pTc5en59j0aR1bbdc6at1/s7ypFsuDQejurQUFSD2JSQCPzq6jWhcU1VpvR7Ed5Z1rC4na3CxODw
1vr8C7KcShJUohKQMkk9BUxhmAau4gNv9Du+FdtTQm5GcFhhfjOD3KUZIHvQFdP7/beanksRrfq2
2Oy31BDUdbwQ4tR7AJODQEgA5FAVoBQCgFAfPNQFeagGaArQHyrqKA0P4wN2tS2XepVvs16n2lu1
RWUoESQptKlLSHFKIB6/iSOvpQGD2XjD3Ssyxz31u4tg58OZFbUD+aQD/GgN7djdwHt0NsbLqOUh
puZKbIkIYBCA4lRSrAJJAyPWgM9oChOKApzUA5qAqDmgK0AoBQCgFAKAUBY4mibHCN38G1xUJu8g
Sp6PDBTJd5Eo51pPQnlQgZ/qigLys4So+1UewW5orwEXVl3d/ihtwyH2deSXznsUrdfAx+aDn6is
SotEZ1PeRtdabFpvSU26v2+JbrXMmLMy4PNhCHXSeniOq7nt3PSo8sm0RjusmtEbrWp60v3G2Xx2
3uN3ERYk1tx1pbZylSkpJISc8pyMFKiD0NRVJOEG0TUYKrUjF90WXGK5Y7oh7hD1vatvoXFJe7s6
mMLPrO4XOS64nJEZMZsoOfMZQvA/312lr/4Ie5Hm99/6mp72R5pbd7iE43dtNGwdPxV7faemNOu6
i1mxyN/FFLqk/Dw0ZKscnKCogZVnr060rbPr6F1usST2z1/Ql3ajh20Zsgh8WK1qVeHSTLvFxUX5
0hfmVuK69fQdK5WtXqVHibx6dDuba3o0Y80Fv13yX7cS+S7RY241sJF5ukhu3wAnqQ64cc3bskZU
T5YqOlDmlqTVp8kPVk77a6Ct232lo1tgR0NOYC5T+P2sl093HFd1KPqf7q7KhBwpqL3PO7moqtaU
47HuvGibVeStbscNvq6l5vorNZSnKJr50YT3Rhty2qlsKKoUlEhI7JdHKr9amVVdTDlayX3Xkxqd
pi7Q3cO294Enp4aCofwqVST1yYzpTWjRC+93DpaNzYq3/h02PVLQyxcwzhR/qOp6cyD5+fpWpveG
W99BxcUm+p1vA/FHEOB14ShNuK/pfb09PQ0f1DZrho/U8zTt7YEK8xD87IVzJWkgELQr95JBB9Rn
rXkN9YVLCrKnPXHU+vOB8ftuO2sLijlOS2fpo8d8PQ/Bp1bKwtCyhY7KT3Scdx71g0qkqU1OO61N
5dW8LujO3qrMZJpnQDh+3HRuRtvbpDi0i7QkCJOaPdLiRgKx6KGCDXbKcasVUjtI+cbm1qWNadrW
XtQePf2fxRnOiNW3TVWhlN3tiOzdrZeJttdVF6NuJadUG1pHcZbLeQfPNbe8ShShFfvQ5nh0pTr1
Jy/epchlRxjJPlWo1OgyWjcvhg0xv1pQ23WEVaFoPiwJkY8kqE75ONr7pIPXHnW8s6NSk+eTx6HM
cRuaVZeVFZx1/QwLZDd/c7ZTcK37RbrwZt/s6XPh7LuE2wVMSGcHwkS19m3OyeZR+Y4HUmtv5kpT
XK9OqOf8qEacuZPPR/qbiwrlFuTanIkhqS2hxTSlMrCglaSUqScdiCCCO4IIrLMJrB6aFBQHw4cC
qA0Y4huN/Velda3nSul4sGAbbKciuzXmy6tZScDAJwPXNcHxHj1elWlRopLDazue9+G/AVjd2lK9
vZOXOk0k8LX6moetNw9SbiXRVx1HeJV2ln8KpC8pR7JT2T5dhXG17mrcy560uZnstjw2z4bT8m0p
qEfTr73uzqXwuutscOWhXHFBttFqSpSlHASAVZJNes8J/wDQ0vcfJni3/wB9u/8AmzTviQ4jLxuX
ql6HaZz9v01DUtqO3GdUgyepBccxjOcdEnsD71tjkiCj17DHrQFUK8NxKskcpyOU4I+lAdUeH3UM
nVWzGkrnMWpyS7CCVrUclRQooyff5aAkDm60A5qArn2oCnNmgNLuNvei6W7UkLR1mmSoDMdpMmap
pRb8ZSuqE5HUgAfxoCCdJ8SO4WigE27UclxkY/YzT46P+l1/jQGwe2/HwwttEbWtoWh0HHx1sGUk
epbJ/uNAbX6W1Va9aWGHebPKRMt8tAW06g+XoR5EeY8qAuyuooDmHxTXn77361Y7/oJAi98/zaQj
/wCWgIoPlQHR3gnGOH60f/mpf/bKoCdicUBD29nEzprZl1MF9Dl2vi0c4t8dQHInyUtR6J9h3NAa
+yftB7+X1fD6StoZz0Dshzm/hQEh7UccFn1nfYdn1DajYJEpXhomId52OckBKTkZTnPftQGz6CFJ
BByD5igPqgFAKAUAoBQCgFAeeWVJjrKe9RzzjQkp4clk0X4XrYNMcc/EZZWhyMqcj3NQHZS5CG3S
T7grV9Mn1rHlrFMy4r25I2S3I2e0driSzfb3p2Bc7xb2imPLfaCloTnPL7jzwcgHrWLXlJUpYZnW
0ISrw5lnUwnT+jNP6UuUm42ax2+2TpLXgvSIsZLbjiP6KiBkjoP0rnHVqPeTZ2HkUlqopFi3n3Og
7QbZ33VM1aR8FHV8M0rqXpBGGmwPMlWOg64zVaNN1aigupS5rK3pSqS6GgOn/v8Ag8NkvSchuW3q
jdvWTUOSXVgGShhfiSVoVzHKOZTTWfPlVXapKEcLZHm7bqTy92ddNFaRgaE0ladP2thuPBt0ZEdt
LTYQDypAKsDpknJPuTWE3l5M9LCSLdrmNHbYZe5QJClY5h0ykDrmtTfRioqXVm/4XOfM459lGCbA
Lte8Ej+XJtC2mrVMmW62SnyFB9KHPDW83joEqKDg98D0NT2VrKM+aWyx8/8ABBxK+jKnyw3eV8O/
xNhUedb85Q+qAoRmgKcvvVAeeVbY04YkMNvj0cSFf31VNotcVLdEBcT/AAjWDfuxtOw0s2TVEFP+
Z3BpPKCBnCF48vQ+XuMitLxHhyvFzx0n+K7P96Ha+HfEUuDy8mqnKi3nC0cX/dF9H3Wz6nMfV2mN
Q7W6nf01rGA5bbmyrlS8pOG3/QgjoCfbofL0rzS5s5UpSilhrddvVd0fTPDOMUrulCTmpRltNbP0
f9su667rsZ3sLud/kt3Gts2W6W7HMWmHcsZwlpRHK6eoHyKwST2SV1k8LrpVPIm9Ht6P/P6Gj8X8
M8+2+3UY5nBa46x/xv7sm8O3Upuc1qduOtLqFalnrQpByFBSkYIx5V2d/rOEF2PBOFLlpzm+rJps
2mI1sCXFDxpHcqV2SfYVl0bWNLD6mBc3tSv7K0iXoprNNcWXWulGdc6Nv2nJLvgM3aA/CLuM+GXG
1ICx7gkEe4q6OM6kc0+XQ0W+y03I1dp/cfcTZLV7rzknTqC80y8QVMLZeDLvzAZVzhbR7n8BP71Z
5rjpHQCgPlflQocZtw9O3a1a0v7VwgvxpHx75U3IQQsftFEdD17EV5LX4TfOTqKm2m/jv23PrWy8
W8DUIW/2iKcYpdlou+zLO3p59RHirQ0k4JIIUcH0x5j0OKnpeH72o/bSivV/oYd3/EHglsn5cpVH
2in+LwvkdNL1erbp7g3cmaekretibAhiO84goUpLmGiSPI5Wa9Hs4whbwjTeUlg+b+MVK1XiFarc
LE5PLW+M6r6HO115b6+daipWAnr5ADAH5AVmGnPgZI7ZoDJ9G7bai15OTFs9nnTXFdAplglCSexU
o4AT75oDqBtTo9e323Ng084pDjsCMlpxTf4SvJKse2SaAx/e3fWxbKWNMm45l3KQCIluaUA46fU/
0UjzP6ZNAaJa+4pNw9duyW3L49a7c4slMK3YZCUH9wqSApQ/tE0BgFo1zqKwT/jbdfbhDlnqXmZK
0qP5g0B092R1q/uJtVpzUEoYly42HyABzOIUULVjyyUk/nQGiPGLdmbxvxfHGMlEZtmGtR7eIhA5
h/GgITHfpQFfagNyfs/NZuLVqXSrz3M2kIuEdo/u9eRw/wAW/wCNAblkZFAcq9/x/wDbfrn/AJXk
f9c0BgJoDo9wVJKeH+z585Uo/wDvlUBOS/agOVm/E69TN3NVIvzqHJ7c9aFpbOUJA6JA/wBnFAYC
MUAQooOfMdqA6fcM2vxuDs7Y5jsr4q4RW/g5hUrK0uI6fN7lPKr6KFASqO1AVoBQCgFAKAUAoDzT
JTEKI/IlOoYjMtqcdddUEoQgDJUonoABkkmqY6DbU58cFevYu6vGDvtrq3O/EWK9LEO2S+UhMluH
4LZUnP8AVW0rHfCqx6iwkkZlJuUmzeyU38RGda/poKc/UVjSjzRce5mQlySUuxGb1sXDiSpU1xm3
xIwJcflrDaEgZJOT7Cuep2lWo2ktjrKt/QopOT3NVpcq28dnEBZdGaVduLW2ug3zcr9ektlv4u4A
8rTLfMOmCCeoyMZxXS2ttGhHONTjLy8ncy1ei6Fw0zp63bwcdMlq1xkfyN2vjtWiAhI5m0vtEOvq
B/0njqaHN5pSusio9MGLRjl5N6e1YhnEV7/6nVpzS/MwpP3g/iJAQoE88l5QaZTgeXOpOfQAnyrX
XMfMqQgvibmxn5NKpV+Hx/bJT0HpWLovR9oskNAbYgxW2EgDvypAJPqTjJPma30FiOpytR80tNjI
AMVIRlaAUAoBQHzyZOaAj/d7YfRu+FkNu1Va0S+VJDUpHyvNf2Vensawbmyo3aXmLVbNbo3vC+NX
nCZN28vZlvF6xfvX57nOrengp1zsqxPutuSdWaNZcPK7HBXNitE9C42BlaR0yU5I9K4e+4FVjmpS
1x26/oe48E8d2dZwt7luOV1/pfbPVe/X3kufZ5augaisFz0+qSyu42q4uPhhCxzKjltvw1gD93Py
57dBWxsOev5cp50XX0z+hw/iOnRsq9eFBrEnlJY2lh5XpqbuBNdIefFcdKqVKEYqhQ0ugvs7S/ag
v8kcIja904yt5ePlS4kqb5h/WK2Wgf8AWE+dZdN5iYNVYkb3BWTUxAfVAea5SPg4L8ggq8FtTnKP
PAJxVsnyxcuxfCHmTUO7wc2NzuM3UOotTz3Ylk027bxhpDFytaZLqMdFfOrqeoz/AHV5vW8Q3XmP
ysJe7J9I2P8ADzhf2eCunJz6tSxntpggO86plXqVLmONxYqniCWYrXhoT0/dT5VrqnGr6rCUJT0l
+9Do7fwVwS2rUqtOlrDXdtP/AJLrjodQ9NbVHUHCzadEPvhpyTZGWw8RkJX0cST7ZxXpfD6bpWlO
D6JHzP4guI3XFbmtHZzf6HOO/WG46Yu0i23SG9BnMKKVsvoKFD36+XofOtgaA9OkdQN6W1LAub9v
YuzEZ4OLgyifCex2CsUB0m2U330fulaIsazvsW67JZCnrMUhtTRAHNyDspIOeo8hnFASZPmtW2DI
lvq5WWGlOuH0SkEk/oKA5W7xbky909b3C+TCsKddKGWyfkbYH82hP5ZJPmTQGDYwPWgPUi2SXUMK
baL3jZ5ENELWf9kdaA6bcMNlnad2J0pBuMZcSUllxxTLgwpIW8tacjy+VQOPegL5J2V0LNvk68yd
L2+Vc5yy5IkPt+IXFepCiQO3kKAw3Uewe1epLDepFu0/aHpbDDqPHhO58F0JJweVWAR06EUBzUHV
IzQE4cG+ozp/faztqdLTFwaehuf1spKkj/npTQHSTmoDlnxFRVQ98taoV3Xc3XR0x0Ucj++gI5NA
dNeE22fdewul04x47S5H/PWTQEuq70BrDvBwYJ3H1tPv9tv6LaJ7njyGHmOchwgAlKh5HHagNcd8
9ibJs5ChORtXxNQznnlMO29opDrRCSSo8pPKAcDB69aAhgDNAb+cA/MdorqFJwPvl3lOMZHgtdff
rQGzA7UBWgFAKAUAoBQFD2oDUPjb17etbXzTPDxop8sah1wCq83Bs9bbaUn9sv6rAKQDjPb96gWS
ZGts7Lszt7bWtHaOaujmmYBYt0CKW2pKxygLCXFkDmWEgkqIyQMmoJ03J6GRTqRhHUj97iQvd8jt
M6d26vbFwdQCV3/w4kZgn+mpKlE4/qJV/jUitv7jFnfrHsos1x0xc9byGZOur199JbIWi2REKjW5
kgdCWudXiKSSSFrJPYgDFZkKMYGtq3U6mmTXbhD1dYuGLQnFRf4Up5y2abvAYtbCnVuJW4pC/CSA
okqUVlIyckgGsdrDwbKL5kmT59n5tTJ0Nsy1qK7kO6g1Uv7zlPk8ylBalLGVfvAqWtQz1woDyrCq
PmZsaUcRNnyMVETEKaus7uveJvRlnOHbXpuG5qGYgHIDyssRQR//AGD19jUKpSlV5vd8uv5GRK4j
ChyLfX57L6ZNiEdPpW2NEfWaqCtAKAUAoBQCgPDcZ0a3RlvS3ENMgHJX5+2PP6USy9CyUlFZZp/f
dIaZ2x4i9Mbi6PsybLHvVwVaNQ+E6ptp5uSkJQ6W8lKeV5LavlA7knqaVaOIZRSjdupV5WbXcxzW
vNyfVAUV2oDSb7QZI0DuFsZuklamGrPqFMCWtvoXELKXm0qP9ELYP/OPrU9J6tGLXWiZvqnuPQ1k
mIfdAeG+NqdtE1CElS1MOJSlIySSk4AqyeXFpE1FpVYN90cYLpZ5KbtN8dh5ofEOp/m+vMFHpgke
dePx4bdVl5kKbaba0/f1PsCp4k4XaSVtWrqM1FPXTRrKw8Ybx0Wp8x9NrcZcfkOJYjN48Rec8gJx
k4/wzW1hwPyY+bfTUIr4v9/M5Wt45V5V+ycCoOtVfVrEV6vrj34952S0SlDWjbChtYcbTAjhKxnC
gG04PUA/wr0mkoqnFR2wsHzbdOcrio6qxLmeV651MA334fLHvPZ3nVsNxdStMFuFcskcvXISsD8S
e46gkZOKlMU5sah0/M0zfrhaJqUiXBeWw8GzzJBScEg+lAfnZL5P03d4t0tklyHPirDrLyDgpUPO
gOndi1U9uNw/m9lsmVcbG8VpAxzOeEtKsAeqgf1oDlw5kEJUMKSAgg+o6UBkm2emm9Zbg6esbwKm
Z81tlwJPUpJ6jP0zQHUzTm3+m9IRGotnscGAy0nlT4TCQce5xkn3oDIQnAoDRnin4k9WW7cS5aY0
5d3LTbICUtOLiYS644RlWV98DOOmKA1bbucxvxA3Lfb8Q8ywhxQ5ifM4PU0B5e3TtQGfbCOqa3r0
OpBwTeIySfYuAGgOq2OmaA5r8YsZMbiC1ElPZTcZw/UsoJ/voCFTQHU3hyGNitD/APJbP91AU343
hi7MaMVdlx/jp76/AhxM48RzBOSfJIAJNAc8Ndb7a33GmLeut/l+Eo5TEjOFplGfJKU/49aAwN0r
LqluKKlqJ5lE5JP186AoKA6O8F1uah7CWh5sYXLkSXXPch1SP7kCgJ2HagK0AoBQCgFAKAw3dzdO
ybMbc37WWoXwxa7TGU+5/ScV+6hPqpSsAD3oDjZN1/qrcTU+pdwp13l2jU2qHW5DcqA6pt63R0El
iOhWfwgYyOxNeecW4y3ceVS1jHf1fwPobwp4MirB3V3mNWotNE+VdNGnv19NCXNEcbO+eh7e3b5F
ztGrIyUhHiXRtSXsDp+IY/Ukmo6PHnTeOZ49Un9dH8zJvvAlK418uPN3i3DL78rTXyaPS5xw68av
TbZ0La1QVNqypueohK/3SVY7e2K3b8TQac4te7Dz78nEx/hnUUlRkpZf9aawvRr88mDa43l1zuP4
aL1fVxYSCT8BaOaK0sei1BXMsfmAfSuduvEV3Xfseyei8L/h3wmxX85eY33/AF/6MU4YNF3PfPd6
/bPGQm36afvqNU3ZxpHyLbYaw0wEk9gpwY69MV3lncyuLSFeW7R4Jxvh0OGcVr2VN5jB6e7R/mdn
bfCZtsKPEjoDbDDaWkJSAAEgYHQVXOTBR6FfXH1qoZr7tjLvlykav3LjuckHUV0UzDWACfg4/wCx
Z6EdArkUr6q962VCMGkmtTRXk6kZZi9CQGtxr5FQjnW06FDILjfcZI8j7Vk+VEwftNRHuZ3YuCMe
JEYc+hKap5SL1dS7HuY3cT08a3kf2F/76t8r1Lld90ej/K3D/wDUJH/OTVPKfcv+1x7Hpjbp2p3m
8ZD7GO2Uc2f0q3ypFyuoPfQ/f/KbZP8ASP8A/wDCaeVIr9ppn23uVY3Djx3E+6myKp5ckVVzT7n5
3bcm2Q4vPFX8Y8fwoSCAPqaqqbb1KTuIxXs6kZXu/wAy/SvGluk4/A2OiU/QVkxio7GunOVR5Zhe
49kOodCXuCjo8qMpxkjoQ4j50EHyOUjrSSymmUpy5Jpk4aB1J/LDRFhvfTnnwmn3MeSykc4/JXMK
0T0Z2CeVkyGqFwIzQGuX2gmgHNecKusUxWlO3GztovUQpPzJXHWHCR6nkCxj3q+DxIjqLMWTVw/6
5a3K2S0NqZl4SPvKzxnnHB5u+GEufosKFZpriQaA+V+VCjOUm9u9+r9RXq62ecLREhxZj8dEeDbW
WyAFn5slJUCfMgjJzXldzxi9hUlCEuVJvZI+qOG+EOCV6FOrVpOpKUU8yk3020a0Io8C5agcSlDa
5Lq04ShIA5umOgFamrcXN40qs3I7C0sOG8JTdtTjD1S/F7nWnVGqZW12wy7yWEpn2qzsAMvdku8i
EAK+ij29q9joRcaUU+y/A+Nb2cal1VnB5TlJr5s0Lu3FNujeFPhzVsphp0k+FGbbbCfZJCcgfnU5
hEXyJj8qS6+88t195RU44tWVLJOSSfMk0B+SUFxYSkZUo4H1NAdXtptLDTO1Om7I+jIatzaHkH1U
nmWP1URQHNrebbK8bWa4nWu6x+RtxxTsWQgHw3miSQUn+BHcGgMOttyl2eezNgyXIkxlXM0+yopW
g+oI6igJ82j4ydXaKXb7Xe1pv9lQ6EuOSCVS0oJ64cJ+bA7Z/WgOhyVc7YI6AjNAczOJvZ6btPr5
1bstVwgXdbkyPKUkg5KyVIV7jPl5YoDAdvNUx9FaztV6lWxi8RobwcXCkAFDo9OvTPpmgLrvFqTS
+rdav3bSlres0GUhK3ojuAlLx/HyAdAPagPbw8W5+5b3aKbjoLim7oy+oDqQhCudR/IJNAdTs5FA
c8OOOFHj73uusqCnpEFhbwHcKA5Rn/ZSKA19UCkkHuOlAdTeHP8A+4vQ4/8Awtn+6gNeftC5Elt7
RaEcyYykSucjIHN+zAH6FVAat7dangaN1lbLzcrQ1fYkRzxFQX1YQs4OD6dD1wehoCU+JXc3RO5d
r0pK0nBZtMlpDxmwW4SGVNqVy45lpACuoP8AfQEFITzLSnIGTjJ8qA6Z8JVsdtewGlmnkkKcQ8+M
+aVvLWk/ooUBMFAKAUAoBQCgFAaJcWl1VxIcTWgNhIIVL0xapbN61b4SyAsDKmo5I8wkFwpPkUmq
NZWGVi3FqS3Rrnv/ALGar2c1xfPjNNSIujVS1C13mOfGjFpRyhCyBlpQzjCgAcdCa8w4lwepbSdS
jmUd9tv1/E+ovDXjKhxKnChdtQqYS30fTbRp/NevQjIpKTjBFcvqj07Kxk/aRCXGaQ44prlV2CXU
qP5gHIq5xZZGom8Lp6P8T26c0RqjX7i42k7K/dHvwmVjkisq/ruqwnIBzygkn0rcWXCbm7akoPlO
O414r4bwmEoSrR8zG2+PfjX4LX0Jq4bdlbzw0QtdbvaltC06gts4OfDRpyHHJNqQnkeCcq5eZw8q
0gkEcvLgdBXqlO38ihCljGD5Tu+I/wCoX9a45nLmbeXu+2nuOjOnb5G1NYrdd4fP8LOjokteInlV
yrSFDI8j1qHqSLXUxve2/uaY2m1XcWVqbfRb3GmVIGVBxweGgj35liqpZaLZPCMl0VoqNp/bOy6Y
LXIzEtzUZST3Cggcx+vNk/Ws+Ps6o1c1zpp9SLLlb3bXPfivDlcaUUn39CPY1np5WTRSi4txZ5sV
UtKdqA+bC+xqTUj9hgSGn7rGQh2RHSrKmUL/AAqWPIEA4qjkktS6NOU9F1Ml3C3O2p26vFr0rrHU
UK26jkxW3Y8dSV/EPoKihKgEg5ypJH1FYim09DbOjBpJohLdLeexJ09Mm7Z36Ne7ta7giPItl0iO
tJkpACnEJcwOQgKHzYOCexqrr43NdXVKg/akXHQe8mn9eIbYTITbL3yBT1omKCHmz58ucBxIPTmR
kVPGcZ7Mx8p6x2M5qQChUqOhzjI9KA9PDLOdj6UvWmH08qtOXZ+GznuqOs+K0rHkCFmtNXioz0Oo
tKjnTWUTJUBmigLdqO0MagsFytklpL8eZGcjuNr7KSpJBB/Wgexrh9mHepH/AIPtw0jMdLkrR2oJ
9lCSMcjSHTyA++ees81bWHg2+qpQ+VnGPSgOUe7GyG4Ny3T1Q9E0VfpbD9ydU0+zbnVNrSVHBCwn
BHvnFeRXlhdTuajjTk8t9GfXPB+PcKp8NoRqXUE1FZTksrTbGcki7K8D2u7rerfdNSqb0xbY7yHS
04oOSXUpPNyhKThIOMHJ/KtnY8BupzU63spfM5njnjzhdGjOhaLzZtNZ2ivXL3+HzN6d09DJ3L2+
vemlyTD+8GQhLwGeRQUFJJHmMpH5Zr0k+bDnjq7hh3L0tOeQ9pqXdGwshMm2p+IS71/EAnKhn3AN
VBZYexu4c4hhvRN7Soq/G7Acb/LKgBigJ42H4Mb+zqiDe9cR2INvhuh0WzxEuuPqHVIVykpCc9+p
JxjAoDd4JGBQEfbybK2Heqxs2+8+Kw9GWXI0yPjxWSccwGQQQcDIP99Aavap4BL3ABXYb7EurYVz
eFKSY7vL6BQ5kk/UCgPNtlwTahnavjS9TR02awxXkrcjuSkPvyeU55QUDASfMnBx5UBvYAEpAHYD
AoDAd5dpLXvJpB2zT1fDyEK8WJMSkKUw5648wexHmKA0cunBfujAnqZj2mNcGgcCRHmNhB98LKT/
AAoDPNEcBWopIakaivcG2eZjMNGSoexJwnP60BsdtNw3aS2jm/eNvben3jkLfx8xQKkpIwQlIACR
5dB2oCViMCgIA3d4SLTu1qm7ahk3qVCuMwR0s+GgKQyG0cihj97m+U+xHuaAjSf9noFyFGFrbwmM
fKl+386s469Q4B/CgNstG6bZ0fpa1WOMrnYt8ZEdKyMc3KMZ/OgMM3+2dj7zaL+7fEbj3KK58RCf
dBKErAIKVY68pBwf1oDR/VvCfuTZVypDGlXX4TQyfg5Tcgn15EghZHoOXPrQGUbacEOq9a2dNxvU
5vSrbgy1HkxlOSO+Pnbynk/XPsKAziB9noWp0dczWqX4iXAXWmrcULWnPUBRcOCR54NAbg2i2RrL
bItvhtJYiRWkstNpGAlKRgAUB7KAUAoBQCgFAKA5faAc1RwXb3x9xt+LFJjxdZyZkmfqOzSjKhwJ
rzhQ0w+kZ+RDSVcigezpH7tAdKY79n1tp1t9lUS9WO5xwpChyusSGVp/MKSQaoDVndnhQ2/dvRjM
xJsOM62HS21NWsgkkEBTnMpI6dEhWB5AVG7C1rrNSmm/cZS4/wAUsWoW9zOKXTmePlsY9YuFbbvT
gYfNk+8lg5R95Slv9vVBPKfzFX0uHWdJ5hSSfuILrxFxi7WK91Np9OZ4+SJIS3DsNsIZYbiQoyOj
TDYSlCR5JSP7hWxWIo515k87svtk2wl37Ultu95dQmzQQmTFtgSeZ6R5OO58kg/Kn1OT5CtfXrpr
libu0tJRfmT0ZLPbt/CtebkjPetX329ozSCElxy/3xkOo8vhmMvvE/QIFTU1lkFZ4iTWBnvWWYJh
e42lvvGH8fGbzJZHzhI6rT/vFTU5YeGYdxS5lzLciqso1Ri+5epXdK6Luc2MUieWi1E5u3jKGEE+
wPUnyAqjeFkvhHmkkXHavba+aLgbf2pN4fb1Xfnk33Vd1LSfiJLLLQCI6unyJKlpGMdOVQrCbyzd
QgorBkGp7nZrBuJe97rtO+GsGnrHI05HZ8MKM5apDbjjiDnPRxoNJGPm+Y9sZsbxqVnNQXMzS9Mt
66SJlykx0xZdxlvT3mkgZQt1wrwojuUgpST58tYsnl5OPuKrr1HM/G4afi35pKJUVuT4eVpPZbZH
7yVDqk+4OatTa2IoylF5iZDpPcfV+3Sg01Kc1PaEn5rbdXT8Q2n0afPU/RzP9oVlQryjozLp3Czi
f0J80FuxpvcZC27XMLN0aA8e0zU+FKZP9k/iH9ZORWdCrGexm4yuaLyjL6lKFs0Rdf5Jb5IYcBRB
1Xb/AAwrHy/GRskAn1U0oAD/ANma191D+pG74fV3ps2BrXm7FAUJx1oDUPgodTo3io4lNCDKUm7M
3xpBBwUupGVD25lms2H3Ua6p95m7dXkZQjNAOUelAOUUACQPKgHKKAYFAOUUBWgKYFAOUelAMCgK
0BTlFAOUUAwKAYxQFaApyigHKPSgAAFAMZoBgUA5R6UA5RQDtQFaAUAoBQCgFAKAx7XGh7HuRpS5
ab1JbmbtZbg0WZMR9OUrSf7iO4I6g0Bz91jp/df7OiZbTpfUSL7sBNvUUTfvZHjyNPx1vAOpT1yU
FJOCkHqB0yetktmXw+8jYCzb5aS3l00daWKQ8xZWnHo771ySGOQsrKVE5JAT0yDnsRnByBfaVM80
H0x9TG4jQacKkdVLK+Rjz27MO+vqY0XbndXSCSA9Cc5YDZ/ry1Ao6f1OdXtVKl/Qpxy5fqUo8Iu6
8uVRwu/T6MyDh2nXnWGqtZo1ezGiXTT85qKxbYJUuOGnGUPIf51AFxR5insAC2cAZrGd07iClHZm
yjw+NpUcZ6yRsNgVCZRRQxQEb2Vw6q4kJZQnng6UsgbUs9hLlryAPcNNKz6c49ayaS0yYVZ5eCZU
96nMcovrQEf6z0E2tp+fbm1l8qBVHQBykeZA759qyIVNcMwK1BP2okGaf0+Ny93FQJjCvu6wOoU7
4w/ZoSjC3lHpjK1cjIB8kyPMGqVJZ0RW3p41aJON8mXZ6dc4bi2r5qdarbZE46xoTZIXIPoMlS/P
JKPI1AZxBHGKZDmodB7XWdKTZ4kdm4Ox2ycqUlakMgjz5lJOPYLz5VFPsaW/lJNRXw9//R4dztlE
xdAafuml7xHl/clyTE1QIrSXyhKiA+SeYEFnmSSO/Lk1Bs8MnXCoypRw8PGp57/wda5t0o3bTWrb
ZqS2vJDn3VLjmOoDlJCmX0k9+nyqBHXuKomtmVfB/YwpakUWyw63l2yTcLhoa8RWY8lcaR8MW5q2
HE90uNtKLiT59UYIIOcEE3YNbV4XXhrFZLfIt0S9Ro0pTfiJBJYlIyhaCDg8qxgggjB9x1qmq1Nd
/NoS1TRkVt303H0bKaQ9GhavsDHRYdUW7mpJ9F/gUU48xk5OT2rMhcNaSM6ncU5rE9GZ9M3H01u5
ZIeo9Pvutal0jLRd2IMhfhSWwhQ8dPICeYLaDiPPBVg4NZMnGrB8pn0ZeXNPobn2a7xr9aYVyhOh
+JMZQ+y4nspCgCCPyNaZ6M6xPOp76FSiu1Aas2+MvRH2lDbqG0Ija00WrKh0y7FcyT7khQ/Ssmk8
rBg1liWTcME5qcgPqgFAKAUAoBQCgFAKAUAoBQCgFAKAUAoBQCgFAKAUAoBQCgFAKAUAoBQCgFAU
IGKA0p+0IbXuNrLZPahBZdh3m/KvN0ZcBOY0RPMAceSuZafqRWJc1PKpSl1M6ypedWjDpn8CSrNp
q1adtiLda7dGt0FKlLEeK0ltHMpRUo4HmSSSfMmuWp3NWlJyi9zt69jb3EFCcdFquhcEIS2kBICR
6AVit5bZnpJLCMB4ftx7XcN8dzLdIW/aJ+YTaIFxaLK3eRtQLiM/iSRggjuFA1vLdqnCPM9GcxeJ
1qkuWOqx7/8AJs2kg4I862KeTT+hR5aWm1LWeVCRzEnyFVDMC4aw5edMX7WDwI/lVeZFxjBQ6iIn
lYj49lIZDg/1tZsVhYNbN80myXcVeWAgGgI/363SibMbT6k1dKUkG3xFrZQRkrdweUY7nH4iB1wk
0BpzwW6Tv1i2W1DrHUEuUxrDd2cqeUulRXBtjXPmQrIHUIW4rJ/FztDuqgNv9rbMhi2u6qmNCF8Z
GbbhRldBBtzaf2LePIlPzq9yOgxQo9DntrDdLV961FfNeRWRadXzrl4cFD4bcEZAd8GMkc6SnCUc
pyR3JPc1jt5kc+qqq3qeco3Xesbe3u9k65D/AM3NdpSzMjkAtNXFtGErOf8AStfKfIlAqJvmOwUe
TYvWiLg3oS5s6AnuISltpT1ikKVgyYqT1ZOe7jOUg9TzJKVeoFZYccotgnGTTLlqrQ6p0z79sLqL
XqhpASmV18KUgdQzISPxoPUA905yD5GPPcma6mrXFO9ZZkbT2qWokfT2pmLkLTfravlQ+sOoPhrO
P50BaUBCxnKXD6HEiyzScVpKpR5+qIkBx9aocYfi5FZcQsKaQCoFIdCQHEZ7lCx8yFf1kkH3q6Mn
HYkhUnTeYs2K4INb6hd0w9ouWpu7W/TklUBt9SwmTEjFHiRisHo42UHwwpPUKbIIwM1bLud1YV/P
pJ9TayrDZDpkZ7ZoHsawcVRGkN7OHzXeC2zE1IuzTX09CGZTRSlJPoXOWpqT1aMWsupt2nvWUYh9
UAoBQCgFAKAUAoBQCgFAKAUAoBQCgFAKAUAoBQCgFAKAUAoBQCgFAKAUAoCh7UBpVqC2Sty/tFLv
4JbXG0Vo5mOOc/KlyW5z9PQ/Kf1rWXlKdSHLF7s3HDq8KNRSmtl09SdEaQuSnwgtJSk/8ZzDArQf
Y6ucYOrfEaHLnPwLtD0MlKgqRI5gOpS2nGfzNZcLBf1s19XijaapxIT1loa2Tt8tVW99pTHxVptt
yiSo55HY7qVyGlKbX3BHhtk46Hm6561S7XlcvJsXWEnX5lN66a+upI+zF11Cx8fZdRAS1xnP80ui
FACU1jOVNj8Ch2IHQ9CO9SWtWLfIuv0Ir6jJLzJdNPeXHfy7SLbtXeo8GR8NdLqlFnguA/MmRKcS
w2QPMhTgP5VtorLRoZvEWSZpmww9K6ftlmtzQYgW6K1EjtDshttISkfkAKzjWl0oD5VQGi/G1c3d
9d8tu9grW/zRZsgXG/8AICfCiIIW4VemUpCQR2KyD3oCaocBnXN4trTTaEQL6fDZaQCPDsUM9Me0
h0ozjHyON9MooDBOKncxcnUTFjts19qPagUrbjuFDbkhSSlXOB+IIQrAT5KUcg9KinLCwjVX9x5U
OSO7ND99Zd1ti7XOhPOBlh5l5bST0WlDqVL6f2ev5VHDBrbHlz7W51pudutO5ui0JKy9bLnHbkx5
DRwpHMAtp1B8lDKVA1BszulhrJ+Gh2blP01a1aohIN+t6lNLfWhKudxOUF5s+QWnJHY4V1qjKrYy
oYx61UuNauNvYizb3bdOONOBjWFg/wDGVsWyglchbaVKEZWMZSvsOvQn61E7mnSliTLnY1bmm+WO
hrpeLQ1avgTHmImx5cVuS26hBQQFZ+VST1SoEEEHqD0NXUqnmLmxg8/4jYvh9bynLmyk87blv8qm
NaerbPUd52/3x07dLMH3Wr0UWuZHZzh0pUVNBXseZxP1Umq7o2VlWnCS5N09u+dzpKOhqM71H10N
Aau/aRByLwwT7vHSFS7LdoF1Y9edl4LGP0qSnpIhrLMTaXRl8b1LpSzXZpQW3OhMyQoHIPOgK/xr
MMAvdAKAUAoBQCgFAKAUAoBQCgFAKAUAoBQCgFAKAUAoBQCgFAKAUAoBQCgFAKA/N99uMw486sNt
NpK1rUcBIAySaA0+4G2jrQ7p7rSAFSdY6plCOoHPLFjK8FtKT/RPKVD61iVXrgzaKwsm0+KiMkoe
goUIM1elM7iQaiMYdnJ0qHSyg5X4fxZHNj0z51g3lOVSmuVZ1Nlw6tGlWfO8LBLOm7KLTE5lp/zl
zqs+ntVbaj5Udd2W3ly7ieF91GPax03cNV7mbex/hQuw2yRKvUx9QyPHabDUdv6lUlbgPqwK2dFa
tmlrvRIlhPesoxD6oC06r1JB0dpu6X25vJj2+2xnJT7iyAAhCSo9T9KA59cIdhve5M7XG+F3QuNq
Dcq5KsmnQoFtyNbeYl95GB8p8NJIPbmSjr1oDayFq+0bfaS1PuFKbDdsCEW6yx21fz8VjKGEtjOM
uuqcUCMZSW/SqN4LJSUIuUtkaTTLlLvEp6ZOWVyn3FvOAq5uUrUVEA+YGcD2ArFk8s46tVdabmzE
twbGL1p90gZcYy4keox1H6VSLwxRnyT95uHwDbkr1zsPFtMyQXrppmQu1OBasrLI6sE9e3IQkeyB
VJrDO+tanPBGyY7VYZhZL9qFq1NKQghcpX4Uj933NYVxcxpLC1Zn2lnK4llrETAHXVvurccUVrWc
lRrn3Jybb3Z10YqCUYrCRr5rjahczVV7t1plR7Zcrgk3O2uymlLj5yBIbUlJB6LIc6HJ8RfkK31h
OdZqC2W5wHH+G2zbuJtxk+3X09O+SNd0dn9QbX6PTe5eunLg546GFNR7M22nmUFHplxWB08zWfxK
vT4bR86ab1xg1Xh/w1U8R3f2O1ai8N5k3ssdlufnwyu3bWU+FqOyaltF4n2G4ZnWWcwth4BBBSoO
I5sBXzAZb7p86j4fOV9R8xx5fTOfXJlcd4FbeH7+FKlW8xLVvGMNNprHw+puxsLvW9vLYb1Lnabm
aUuFouC4EmFNVk5AyFg4BwR16gd6mnB03qT05qqsxJNjSWpaedlxLqAccyTmooyjJZizIlCVN4ms
Mj7iO20VvBshrHSLakIk3OAtthxZICHB8yTkA+Yx+dSJ4ZFNcywYv9n5uMrcXha0eqS4ldzsrSrJ
NAVzK8SOothSvQqSEqx/WrPNYbHUAoBQCgFAKAUAoBQCgFAKAUAoBQCgFAKAUAoBQCgFAKAUAoBQ
CgFAKAUAoCNeI7WI2/2E3A1CU8/3fZZToT6nwyB/fVHoVWpGfAzpn+SnCftrDUjkedtaZTwI6lbh
Kif4isKbzJmwpr2UTxVpID2oC1p01azqP7++BZF6+F+C+OKf2ngc/P4ef6PN1+tNWUempciME+VU
K7lyt0YNDxuZWVpA5c/L0z1x69azKawjX1ZZke3NSkQzQGoX2g+snr/a9D7I2SXy33cW7swpTTSj
zt21Kgp9Zx2SeievkT6GgJbg7YzG2LtabNFTp+Daba1p/TzywAGGFISH32+U5C/IHpkoTkd6AgPi
y1Ow5q+y6JtobRaNNwm1ltlQ5EyFgpSkgdihpIOPR6oajNJxOq1FU11IQ71Ac+fK0haSlQyD0IPn
QFn2Z3bXwv7l3K6yIfj2G4thqYOYjLSTlK0+WU5P5Ve1zI6KzupQ1Wvob66a4itvdxdLfeVg1pZm
/ET0Ema20tCvMEKV3+lYtWM3FqGjOrtbmhKcZVNuzPMiSiWnxkPJfSvqHEq5grPUEGuWlnOp6DBx
5cx2ProfrQuML3RtUmdYDOtqVffNpV8dDKB8ylI6qb9wtPMkjzzXS8KhGnTlWl10Rw3H5yrVoW0O
icmYNv7oprdPZxVyQqRbnbd4F1a8RRbKApSUKbcT5/K4cg+aRW24jbxurWVKXVfU0vh7iFThXE6V
3T/pevquq+KIE2DtNuVcbTPfjqceN4Ftd5HVt+I0+yrGeQjJSttChnOBnHeuU8KS/lVYN7P8f+j1
f+KsF9st6q/qg/o1+pPSNvU2LdeRHs+o77YG79b/AIgpizCtpbzKuUgoWCCAhSema3PFW4Ye6PPf
D6VWMk9GidtoYM/TKnbfPvku+/ELU4l6YlKVI6D5RygDHQ/rWptKv8zlSwn+J0V/b/yudvLXX0JU
z1GPWt0c2aWfZzuq0duRvDopCS3bWL3MVGR2PjNSVh4keR5Hoo9en0rOjqkaySxJm+NXFooBQCgF
AKAUAoBQCgFAKAUAoBQCgFAKAUAoBQCgFAKAUAoBQCgFAKAUAoDVL7S+/rtfCne7VHcKJuoZsSzM
ISrBX4zyUqAHn8uelWtZKonHQlgGlNEaesgTyfd1vjxCMeaG0pP8QawW8ts2UVhF9BFC4rkUBRR6
elARZvpvPH2v0BOu1tXGm3RzkYgIUrnbckOKCGknlPzZUewPYGsmlRc/aexgXFyqb5I6stdpvFyi
qiS33j94JCXHSknl58DmwMnpnP5VteVYxg5znkpc2SUNNbjR7q63GmIEWSroFg/s1H8+1Y8qTWqN
jTuVPSRmWQcYqEyzmnI4k9PWLjl3E3E11Ybu63pSP/JTTkGHES49lK/28jq4AObmXg46oUOxHWmU
RurFPGSYrz9pzoiOhSbTo7VNze5AQpxqPHbBI7Erd5vzCTVOZFjrwXU0w07vUzMu82Nfm5zVxkvu
zDJmviQt8OOKUSVADJBOMDOBioZLLyaK6oyqzdWD0JHgz49yjpfiupeaV2Uk1EzVuLTwz0Zz70LS
3XixQr/HSzNa8VCTlJyQQaqngvhOUHmJhMzYfTL7xeY+Ltz6jkuQnvDJPqcD5vzq7mZlK8qrR4Z5
Fyb/ALISoTts13qMWya+G3Yj0xAbUvOQlICBgkAgGo5U6dX78UzcWXFLiGY03jHRZ/U6F6D2kXrX
RNq1FpHc6/iDcmEvBu6sxpoQTjmTktpWCCCMFRHtUTsKD1wdZT4vc4ypZLxbNmda2G4Sn5uqm9Tw
1t8rccQW4y0HI+bIPXpkY962FOjRjCNNrRPKNPXr3E6s6yeslh+7trsRhxYasZ2s2W1BZbmUJu2q
IohW6G24C8pYWklRSOoSkZJV2HQedRcSu6VChKUmbPw3wm5v7+nSpR6pv5mq3DtJlSteWSzNJy05
cGpql47FhDh7+6VK/hXFeFKsvPqU+jSfyf8Ak9p/itbU/sVtcN+1GTj8Gsv6xRtprR0s6927Wj5X
PjpTRUPNC2PmH/RFdhxaOaXMeI+HZtV3Ak6HIMWWy8j8SFhQ/WuShJwkpI9FqwVSnKD6kopUFJCk
9QRkY866hao4RrDwzSfbNf8Ak9+0H1laB+zZul1Elv0WLhblPun8nLa2n6kVnU9YmuqrEjfhNSER
9UAoBQCgFAKAUAoBQCgFAKAUAoBQCgFAKAUAoBQCgFAKAUAoBQCgFAKAUBqN9oH93R2dl7hqB8Rd
KW7XEaZeZCkqKGYyGXSXFhIJ5UnlJPlVGsoqnh5JetO/e2d+tbFygbhaYkw3086HfvVlBx7pUoEf
mBWFKDRnxqRlsRlrvj+2M0FJVEe1qzep6TymHYmVzHM+WOUcp/I0VOTDqRRj0HjF1tuMhwbY7D6t
vbRIS3c7/wAlsi9eylBfzke6QalVJ9SN1l0Ma3Z0/vnqDSMyfuvurpfZTSWCX4GnFeLMeRjBR8Q4
RnOeyRmpYUo5MapXlhtEO8Km1F201drtpBxyXqLb223Vm9We/uyCpiQkNktNNoPbCl8ygPlOPWs6
EcadDUVZp4l1Nxy0sEApKSe3MMZqYwsMKa5UZKk57co70GDLtM68uUJluEI/3gAQlHfmSPTp3/Oo
ZQT1MynXkly4yQJxLcDh1Pdrjq3RzxTNkqW/KtZQn9o4olSlpPmSScg9awXHGwrUJRzOms9cfoc/
VKkxLrc7VcIa7fc7bJXGkR3QQoEHor6Hyq0ga0yfnMgsTmi3IaDifLPce4PcH6UCbWx+lku2odHv
FdpnCXGPVUSb1z7BQ8/rTCZZOnCrpNEn6U3dtl6cRDuA+5bmoAeBKICVnp+BfY/TvUbjg19S2lBZ
jqjOgQR06irDDK5oCz6p03E1dYpNsmoCm3RlKvNCx1Soe4OKqngkpzdOSkjMOD/iq/yF6X1zpTVi
XZa7U2qbbI6B80h44Hhpz0AWSk57DCzVLi5ja0pVp7L/AKO84HZ1OK3dOzo7z2+Cy/otBqj7Qnc/
VtlESBbLZo51eQuVGUZEgjy5eYcqDjHXBrkKviXlhy045l36fqe52v8ADRVK3PcVXGn/AG6OXxe3
y2NdtSainX65Sb5qG7SbncHB+1n3B4rXj0BPRIz+6nAye1clcXdzxGonUeX0R6zw7hHDvD9Bq2io
rq29X72bh8AGwk+6JuW4l9aLFnnxVwbTFdSUuqHOhRkjPYHlUkeeCfI13fh61qWylW6P6/8AR4X/
ABC4tb8TnG0isuDyn2WGvm9H6LHVslrevRy9Na822cbkB5hy5vpTzDCh+wNdNfVKboPzEeT8Lt60
LlOi18TJ8VxB6gSnbyVQIx7/ALJP9wrqqf3EcLV0qS97NKuIgHSPHboHUKP2bMixwi4B0C1t3dpp
xZ/sx33fyrPpfdNZW+8b9pqYxz6oBQCgFAKAUAoBQCgFAKAUAoBQCgFAKAUAoBQCgFAKAUAoBQCg
FAKAUAoCz33Sto1MllN2tsa5IZ5+REloOJTzoKF9D06pUQfY0BCEr7P3h+l6mevi9sbMJbqORTCU
KTF755gwD4YV78uaoyqeCSdH7E7e7fpA07oqx2YDt8HAbbx+gq1RS1LnNvQyPVWqLRoXTNwvt7nM
2uzW1hUiTJePKhptIyT/ALgO/YVeWGjK9Aau+0c1DH1VqaLI0tshanw9p6wyh4b99Vk/50/jqlBH
4Rjsenmo3RaT1I5qTj7O5tfbdrrrBt8a2ty40S2xkBpmPHzyNoAwEpTgAAelTeZDojC+z1Ho5aF3
ibUw0YMqW8+R5IASn/GrXVfQkVrH+p5L1E0JZYf4YCHP9aSv++rXOTJVQproXeNAjw0BDEdtlI7B
CQKsbZMopbI/YpNUKkNb7cKOiN+IynrnEVa9QITiPe7eAh9s+QV0wtPqFA9PSqNJkE6MZvLOdO9/
DJrfYSapd5iC6WBS+Vi/29s/DqGcAOp6llZyOiiQSflUeuLGjCqUJQ1RFQI/L1q0xz8JkJie34ch
lDzec8q05waBNrVFxsGsr7ogEMrcvdqT/wChPKHitD/2az3Hsf1qjWSKdGnV12ZLmltc2nV8fngy
B4yei47nyuNnzBFRNNGsqUZUt0X/ADiqEJFG9Gn3Iam9TQk4fjoKXxjo4gDPKfr5HyP1NJQjWg6U
9mbzhV7VsriFWk8Si00/Vfv4np0ttRqvXVrjXGz25ce1Sk5RerggtQWh5qW6SAEjz615j/pFz9o8
nkbSeM7L352PtFeM+FvhivXXjGbjnlby0+2E03rp07kmWrRfD3s1cY1z3K3OjbkXePyutaf08wPg
/E/JSi4Qf6SwP6vlXbW/A7ag+/5/4+XqeH8S/iBxC9WI4XbC0Xqs9fe3jpgym9faxW60SLTp+Bo0
Wdm4SBGj3Kc8uJGgsZCQtSEtrWoJyM8oHTtW7lCTpuNN4PPrW5lUrOrcx5vj+JmendUXbcTdTTlw
vG4aNd2uJFkz2HrSwyzaYazhCWwpJK1OdVZ51np5CtFc1ajpunNbfN+p2VnQpRqqrTeU9eyRPKHE
OoC21pcQey0nIP51qGjoUyU7acW6L/qkf9UV1NP7kfcjhq3/AJZe9/iaccbdmdn777RMxc/G3Oy6
miNEDBQtqCl5tXvhYSce1ZlJ4RgVVzNG7Okb61qjTFnvLH8xcYbMtv8AsuICx/BVZJhl3oBQCgFA
KAUAoBQCgFAKAUAoBQCgFAKAUAoBQCgFAKAUAoBQCgFAKAUAoBQFCcCgPNcrnEtNvkzp0huHDjNq
deffUEIbQBkqUT0AA86A0pW/dftDNfIaZDtu4ddOTkrccWlSHNVymz+Edv8ANkn9cfoBuvDhsW2I
zGjMojxWEBttptOEoSBgAAdgBQH7KeQhJUpQSlIyVHoAPWqZB5rfd4N2jIkQZjE2O5nkdjuJcQrB
wcEEg4PQ0yD1hQPaqgrQCgFAeedAj3OK9Flx2pUV9BbdYeQFoWk9CCD0INAaL8SPADJW9I1Btchp
QOVu6bdUGx5klhw9Pog/kataMWpQjLVaM0euEaVZbvItN2gyrRd45w9b57RafR78p7j3GR71Zsa+
cJQ3PjzqhGeKRbUqlCbGdXBuKBhEtnosegP9IexoXZ0xLVGaab3gl2gNxdUMhbfRKblHHyn+0n92
rHHsYVS1Utab+BmupVM630RdolpdZmuTIq2mh4gSAVDAVnyxnP5VatHqYsM0qictMGA2nYiY7BYg
3C6zFW+MMNx3ZzjiEgnrhIIHfyq/n7GbK7W8Vr7jw6p0VF27bW8020zbgkrMhDQR2GTzY8+lE+Yk
pVnW06lq4YOHSXxTa5nas1Ew7F0PEJjII6KkY/4tBPmc9VeWTjrisunDm3NlOSoRUI7mxcjh605s
pc16R1iym+bOa3V91W29SQDL0tcFHLKFujCiytWMDPL06jvVk6MIT5kjNo3E6lJRb2Mqi8Ge5uk7
ZAu+wO4Mu1qhLVDu+kdTzjLYbktqwpLSinAQe47EpKSCc1jzt6VT70UZ1O7r0dITa/fqZLC4wd6d
lfAh7x7QvS4jfyLu+lwo4AJBX4RyOXp5KyfSqOikvZCrtvMjH9xuMHZ7cviO4c9Q23VjMWBa3L+1
dUXJpcd2At+ElplLqSPlK1/KO/X0qWMFFEEpuTN2eHaPIhbKaPiSWXI7kSAmIGnkFCkoaJbRkHqP
lSmpCJEjUKigFAKAUAoBQCgFAKAUAoBQCgFAKAUAoBQCgFAKAUAoBQCgFAKAUAoBQCgPhSwEkk4A
86A0i3U1Fd+O7cSVtXoiY5C2esUpCdYaqjqwLm6lWfgIqh0I6fMoZH5Y5wNx9J6TtWhNNW2wWKE1
brPbWEx40VkYS2hIwB/vPnQH56y1nZ9B6bm32/TW7da4iOd19zsPQAeZJ6ADvUFetTt6bqVHhIzb
Kzr8QrxtraPNOWy/fQ5icQfGPqffi8v2/T0mVprQEdakIZZc5H7oQfxukdQgEdEg4PnmuC4lxuo/
YovH5f5f0PevDXgm2hiveRU0u+zfp/tT6/1e4tXDrqxzS+7EXWd31Q5FtlpT4022mQoOykcqkkso
xyqUkY5kZClD8OVAA4/B67r3MfPq4cdtdXnobDxjYRsOG1FY22YzXtYSxHGHz9+6fTvtr1oQrAz5
EdK9MPmc+vEHpVCp9A5qoK0AoD5KcmgI/wB29hND732kwdXWCNcVpH7GaE8kmOfJTbowpJH1qm5R
pNYZzp4i+CzWGxDbt7sTrus9FNjLr3KBcIQz050jo4n+sMH1FWNGvq0EtUa+2+5xbgg+GsOYOFJH
RbZ9CO4+hq0wnFo9LkbLZOPEa8zjp9D6VQJ6nggNS9MzWp9oJSEOBaoalENuYOSAf3T/AANVepWW
JrlmSvpzd+0XptSZKXLfKb6OtODmKD74/wDp71Y4s1k7acHpqYVvQjUO6mrNL7YaWKFI1CptUt34
dwqaZJ5g5zEBPJypJ6HJKSPOpadNt6mfZUVBOtPdbHQ7bnQNq2v0TaNL2VkMW+2sJYR0AKyB8y1Y
7qUck+5rZpYWC6UnKTbPTuLoS2bkaEu2l7ykPWy7xyy62k/M2QcocHopKgFA+1UaUtGXwm6byiM+
Fre+76E1ZP0RrqQXNT2V2NbrpIz0ukFZDUK6JB7qRltp0/0SlSuqMVhyTi8G4hNTWUb2vMNyWy26
2h1s90LSCD+Rq0kMVuO0GiLvdWLnN0hZJVwYUFtyXYDRcSoHIOcd80BlwGKA+qAUAoBQCgFAKAUA
oBQCgFAKAUAoBQCgFAKAUAoBQCgFAKAUAoBQCgFAKAoaA0p3l3/u/E3r17YzZOc4Iqjyat1zFJDV
rjhWHY7KsdXlYKe/Ty8yANqNrNr9O7NaFtWktLQUwLPbmuRtsdVLV3U4tX7y1HJJPcmgPTuBuLYN
stMyr7qOe3brcwkkrWfmWf6KR5n2rGuLinbU/MqvCNjYcPueJ11b2scyfyS7t9EjlFxFcS9+4or8
oIW7aNAxXFCHb0K5Vyx28Rw+/X8u3qfPOKcSlUnhrVbLpH3939EfRPhjwzRtqHMnmMvvS6z9I9Yw
9d5b6IjhlpDDaG20pS2gBKUAdAB2Fco5OTberPVYxUIqMFhLb0NluD/hXe3mubOsdRh6Joy3yUri
NJHKq6vIVk9f9CkgAn945A6DNdxwbhDeLmtp2R4d4z8XxpuXDbLD6SfTPb4fjvpo9ruIzjB0nsfb
JFvhSW77rF1KmodriqCw27g4U8rOEpSepHfoRXTXXFLe1zFvLW/oeY8K8L8Q4nyzUOWMno3pn3en
VvY1i4XuMPV9v3aZgbj6mcvFgv6hH+IkIQ2i3ylH9mU4Aw0o/J17EpJPetBwrjEri4cKr32/fc9B
8VeD6XD+HRuLSOXD7zX1969+q766dH0KwPUHtXbnhxXn6djQH0lXMKqCtAKA+FthYIUAQehB86FD
UviW4BdLbpMvXzR7DOmNXJyvmjktsyj35SB0QfoMeo86taMedHKzE5p7jLvGw2o3bDrlly2zk5Sn
5Sl1afXkH4gc905H0qzBg+S5PRHm0vdNRblOKY0RpC9anW0QlS22C2y0Tj8SlduhzV6pt7DyeXWb
wStY+D7e/U5X94K03pBhYxl59UtzBHl4fYj3qVUH1GaMe7NmuHbZLVW1UjGq9ZSdYfdjIj2db7YS
I6VpHi47lXUAAq6jHTFZMYY0ZbOonrFYJx6+f61IY59JR+zUrmSMdME9TQI114vNupkuyW7cTTsM
yNR6Y5/iGWk5XOtqwUyY5H73ykqAPocdTUVSOVkyqE+V8rejNsuFzeS3bzbW264w7ki6SIjaI78h
K+ZTgx8ji/Rakj5h5LCx5ViG3JgCs0BWgFAKAUAoBQCgFAKAUAoBQCgFAKAUAoBQCgFAKAUAoBQC
gFAKAUAoBQCgFAKA003T4N9Rbaa7d3T4drmnTmoi6JN10c84U2y+YJKkkZ+RauZXXtkg/KetAZft
px36M1abnYdUwZugdx7W0sytI3lHI+6tKebEdf4XQrpjHU5yAR1qKrNUoSm+iyZNtQdzXhQi8OTS
19Tn1vnvzfuJzVc5dzkLj2SG74KYLKiGmx38NP8ASOPxK8+1eX3t9XnONxV3esV0S7+/sfUfBeB2
NChOwtPuxeKk+s3u4p/29H8jF220stpQhASlIwEgYAHpXOttttnosYKMVGKwloTFwucN1w4jtYPL
nJehbf2lwIuU1GUqnO9/hWVfoVqHYEDua7TgvCFVSua606L8zxTxr4vlaSlwywftf1S7Z6L17s3O
4rOISy8M22TVisAjxLw7GEeDFZA5YTIHKHOUefkkeZ+ldHxS+drBUKOtSW3p6nm/hjgS4pWlfXuV
b09ZP+59Ir39fl1OX1vRLuM2Rd7lzfGySSlDhyppJOTk+aiepNeZ3E4peVB5S3fd9/d2+Z9OWFCb
k7mtHDekY/2R7dsvd/LoXdiE7OX4TTReWR+ADOf+/wDGoqFKrVqKNFZl6GTfXNraW8qt5JRhjDzt
g6p7N6quu3vC5Z79uItVulWm1OPyfiwUOIYQVeCHAeoX4YbBB65PXrmvZ6UpxoRlW+9hZ9/U+MLq
lQq306dnrTcny+7On0OeNh4rN0Lbug3uA/f7jcY70tUqRpdb/LFLBJAaQnshQRj2z71wc+OTdzq/
ZT0f6+j+h7zS8DUIcMeI5qTWqeuOqcX0a7bPZ43OlmynEdonfqHJd0pcFvyIiEKlRJDZaeZKvIpP
oehx2P1FdvbXtK6bjT3Wvz/FHh/EuC3nCoxncL2W2k13XR9U/R6kopORWeaIrQCgPgoyaAwzcfby
161t4ck2i3z58chTLsuMhxQA7pBIJq+Dw9SCtBzjhbkRRLXFtXitxYjMMKVlaGGg2CQMZIAHXpWa
aZ+p6KDUpQpgrQqUxQpsWa9astVlUuPIeXJmeEXRb4TC5UpxA6EpYaClqH0Sao2luSRhKeyNaOH/
AEbum3xA6puGzei77txou+5Yu1y1jDLEZhzv8REhL5VFfQ4zzJ+brjtWHJpvQ29OMklzM6YWuM9D
gRmJMpU2Q22lDklaQlTqgOqiB0GT1wKsJj2UAoBQCgFAKAUAoBQCgFAKAUAoBQCgFAKAUAoBQCgF
AKAUAoBQCgFAKAUAoBQHzye9AQ7xE8KmheJKxCPqKCYl7jDNv1BB/ZzYSx1SpKx+IA9eU9PoetBs
czuJjZPdHhmfcvesYkPVujzytJ1TZGEsLK/3TKZGOVxXTK+yj5k5NchxTgau6nnUZYl26Hr3hfxz
/pND7JewcoLLUl97453Mr4UOHuZxOCNd0vOW3SHKFSZzakl7mxnwkDr8/qT0Hv0rQWXA61S5cay9
iL1ffHb3noHHPHFlb8NVS0lmtUimlpmOVvLdZXbudCNwdbaQ4UdoWUQ4TUOFDa+FtdrYGC+7jpn1
/pKUevcnqa7q9u6fDqHM/cl3Z4RwXhF14jv/ACovfWcn0XV/ocltda0um9Gv5V/u8pUxIkl9109U
uOjoltI8kNjGMdMgY7GvM69epHnrVX/Mn9F/nbHY+mrKxoS8q0tVi3oP/wC01+SerfWXuZ+iUOOu
IbZZckvuKCGmGUlbjij2SkDqST0ArW0aNS4qKnTWWzpby7o2FvO5uJYhFZf77nQ/hC4Pv8nEWHrH
XKGper3kh6Jbwn9naQoEYJz+0dKTgqPRPZIHUn1rh/DqNhD2FmT3Z8j+IfEt3x+u3UeKSfsxWy9X
3fr8iGOPjiBTuDqcbbWGRz2CySQ5eX0H5ZUtPVEcHzS2SFK/rYHka0PHuI+Wvs1N6vc77wF4c+0T
/wBRuY+zF6er/e/yNU5EhuM3zuuBCScZPmT2A9T7VwEITqSUYrLZ7/Wr0reDq1pKMV12OivAfw6X
Pa613fWWo4pt971Ay0yxBUTzx4qSVAuDyWskEjyCU+ZIHq3COHuyoLzPvv6bafQ+UPF3iCPG72X2
dYpRxj/c1n2vq0vTc20SMCt+cGfVAKAUB88lARXuTpwQJouDCcMSDhYHZK//APayqUsrBq7inyvm
WxhVTGGKA8d2u8GwwXJlymx4ERsZU9JcDaB59zVMoLMtjUjjR4kXBtdLtm2l/kC9Fxt5+42wgBMY
AlQQ53BPyn5euAeoqOb00M2hSfNzTRtd9nkzpbUPDZpXWlotvJf73Gxe7rKPizJstpamnVuOnKiO
dKikdgCMAVivU2SSWxs9y1QqAnBoD6oBQCgFAKAUAoBQCgFAKAUAoBQCgFAKAUAoBQCgFAKAUAoB
QCgFAKAUAoBQCgFAUV2NAcpvtduIZN91TYtlLdcGoVvjlNzvkpZJAXyktNkDvhOVY8yQKLQGgmwP
EXrHhr1/F1PpC4fMypYdgSSoxZSFDlIcbBxnHY9wcEdqruDZbfXjpsPFI3aZGo4svTL0RgR3bchx
TsVSj1U4hScKSCemCCcY61yfF7G6rVIXFs8uPT810PVvB3HOFWVCrYcSi4qby5rPyeNce4sFqvdo
f0+mfAfbVamkHlW2k4CU9CAMZ/LFefVre4Vfyaq9t9/U+g7TiFhOxV1azXkxT1S0SXpvpj3nQ/gc
4Xjp63R9xtZW3w77LTz2i3yQCYLBHR1Q7B1Y6+qU47EnHpHBuGxs6fmS+/Lr2Pm7xl4lqcYuXbUm
1Sg9u77skTjQ4iV7GbXzmbGoP60ubC0W6Ok5U2MEF4j2PQe/0NZPEb+Foo03LDk8e5dX+hqvDfAK
3F51K6g5QppvH90ukfi9/Q5aRl/dVpDstxa3Up8R9xZK1uOHqpRP7ylKJOfMmvLKspXVdyXV/v6H
1Ta06fDLGEJLChHX39fe2zbngO4Zjri+Nbl6wghy2W9w/c9vfTlCnh/xpB78vr6/Suz4FYpvzv6V
9X+iPGfHXHZQirJP+ZLdf2R7f8n1fRaI6NIHSu7PCT6AxQFaAUAoCmaAj/efcjR23OjJszWF9g2a
Gps+GZTgC1rHYIT3Uc47fnV0cp5I6keaLRpEOPPQD8mS1Btt9uSEAFlyLFSUuk98lSglIHrk1lc6
Nd9mmYFqrjE1Zf4ik2SJE0wlZIAUj4qSkevMSEfly5HrVOdskVsl97UhHU13uOtJ3xeoblMvj+cj
494uIT9EfhGPLp0qmO5kqMY7I8TrCHWFsrSC2tJQQB3BGCP0oXm6H2PetwrbPXW3kpwmfpq9GQ2h
XT/N30/Lyj+224T/AGh61jNYZKdBqoBQCgFAKAUAoBQCgFAKAUAoBQCgFAKAUAoBQCgFAKAUAoBQ
CgFAKAUAoBQCgFAKAUBQ9qA/n44r2kXP7QHVzMxCZbLuqmGnG3xzpWjLY5SD3GOmKA181lHai6nu
LTLaGW0yHQlDaQkABxQAAFCqLIPKq9EUM22ovE+1awtaoU2TDV8WwcsOqQf5xPoawa9OE5Rc4ptM
3FjdXFCnUjSqOKa1w2s6+h/SfoZ5yToyxPPOKddcgsqW4skqUS2kkknuazVsjSs5scc8h17iLvaH
HFrQ3GjJQlSiQkeEDgenWvK+OtviEk+yPq/wBGK4DSaW7l+LNar4SZFqST8qpPVPkcJJH8a01H7k
3/t/M667bdWhF7Of5M7UbQRGIW1ekmY7LbDSbZHIbaSEpGUAnoPevX7JKNtTS7I+PONzlU4lcSm8
vme/vMyR2NZxpz7oBQCgFAa38c2qLzpPZyZMsl2nWaYlKiJFvkrYcHT+kgg0ByKsVyl6yuMi56gl
P325FQPxlycMh7/nrJP8amjsWPczFCQnAAAHXoKkRH1K+f60KooD3oVPXEQlUWQSkEhIwSO3WrQT
P9mKot8amuG0kpQvSClKSOgURJigEjzOCahluSI6xVaVFAKAUAoBQCgFAKAUAoBQCgFAKAUAoBQC
gFAKAUAoBQCgFAKAUAoBQCgFAKAUB//Z
